
There are no discarded input sections

Memory Configuration

Name             Origin             Length             Attributes
KERNEL_FLASH     0x08000000         0x00010000         xr
USER_FLASH       0x08010000         0x00070000         xr
KERNEL_RAM       0x20000000         0x00008000         xrw
USER_RAM         0x20008000         0x00014000         xrw
CCMRAM           0x10000000         0x00010000         xrw
*default*        0x00000000         0xffffffff

Linker script and memory map

LOAD build/app/app_global.o
LOAD build/app/main.o
LOAD build/app/rtos_tests.o
LOAD build/app/tasks/gpio.o
LOAD build/app/tasks/sensor.o
LOAD build/app/tasks/shell.o
LOAD build/drivers/driver_gpio.o
LOAD build/drivers/uart.o
LOAD build/hal/hal_gpio.o
LOAD build/kernel/source/critical.o
LOAD build/kernel/source/heap.o
LOAD build/kernel/source/ipc.o
LOAD build/kernel/source/kernel.o
LOAD build/kernel/source/list.o
LOAD build/kernel/source/low_power.o
LOAD build/kernel/source/os_trace.o
LOAD build/kernel/source/runtime_stats.o
LOAD build/kernel/source/scheduler.o
LOAD build/kernel/source/sync.o
LOAD build/kernel/source/task.o
LOAD build/kernel/source/tick.o
LOAD build/kernel/source/timer.o
LOAD build/kernel/source/utils.o
LOAD build/arch/isr.o
LOAD build/arch/mpu.o
LOAD build/arch/nvic.o
LOAD build/arch/port.o
LOAD build/arch/systick.o
LOAD build/platform/system_stm32f4xx.o
LOAD build/boards/source/board.o
LOAD build/boards/source/bsp_gpio.o
LOAD build/boards/source/rcc.o
LOAD build/boards/source/scb.o
LOAD build/arch/context_switch.o
LOAD build/platform/startup.o
                0x00000200                        _Min_Heap_Size = 0x200
                0x00000400                        _Min_Stack_Size = 0x400
                0x20008000                        PROVIDE (_estack = (ORIGIN (KERNEL_RAM) + LENGTH (KERNEL_RAM)))

.isr_vector     0x08000000      0x188
                0x08000000                        . = ALIGN (0x4)
 *(.isr_vector)
 .isr_vector    0x08000000      0x188 build/platform/startup.o
                0x08000000                _isr_vector
                0x08000188                        . = ALIGN (0x4)

.kernel_text    0x08000188       0xbc
                0x08000188                        . = ALIGN (0x4)
 *(.kernel_text .kernel_text*)
 .kernel_text   0x08000188       0xb8 build/platform/startup.o
                0x08000188                Reset_Handler
 .kernel_text.Default_Handler
                0x08000240        0x4 build/platform/startup.o
                0x08000240                RTC_WKUP_Handler
                0x08000240                FLASH_Handler
                0x08000240                DebugMon_Handler
                0x08000240                DMA2_Stream7_Handler
                0x08000240                OTG_HS_Handler
                0x08000240                HardFault_Handler
                0x08000240                DMA2_Stream3_Handler
                0x08000240                USART3_Handler
                0x08000240                NMI_Handler
                0x08000240                TIM6_DAC_Handler
                0x08000240                CAN1_RX1_Handler
                0x08000240                EXTI15_10_Handler
                0x08000240                ADC_Handler
                0x08000240                HASH_RNG_Handler
                0x08000240                I2C1_EV_Handler
                0x08000240                TAMP_STAMP_Handler
                0x08000240                I2C3_ER_Handler
                0x08000240                WWDG_Handler
                0x08000240                EXTI4_Handler
                0x08000240                I2C3_EV_Handler
                0x08000240                DMA1_Stream1_Handler
                0x08000240                DMA2_Stream4_Handler
                0x08000240                DMA1_Stream7_Handler
                0x08000240                OTG_FS_Handler
                0x08000240                ETH_WKUP_Handler
                0x08000240                TIM1_BRK_TIM9_Handler
                0x08000240                I2C1_ER_Handler
                0x08000240                DMA1_Stream3_Handler
                0x08000240                UsageFault_Handler
                0x08000240                TIM1_UP_TIM10_Handler
                0x08000240                CAN1_RX0_Handler
                0x08000240                TIM1_CC_Handler
                0x08000240                I2C2_ER_Handler
                0x08000240                USART6_Handler
                0x08000240                TIM8_CC_Handler
                0x08000240                CAN1_SCE_Handler
                0x08000240                DMA1_Stream0_Handler
                0x08000240                OTG_HS_EP1_OUT_Handler
                0x08000240                FSMC_Handler
                0x08000240                EXTI1_Handler
                0x08000240                EXTI3_Handler
                0x08000240                CRYP_Handler
                0x08000240                EXTI2_Handler
                0x08000240                UART4_Handler
                0x08000240                CAN2_RX1_Handler
                0x08000240                EXTI9_5_Handler
                0x08000240                TIM2_Handler
                0x08000240                CAN2_SCE_Handler
                0x08000240                TIM3_Handler
                0x08000240                DMA2_Stream6_Handler
                0x08000240                Default_Handler
                0x08000240                DCMI_Handler
                0x08000240                TIM1_TRG_COM_TIM11_Handler
                0x08000240                RTC_Alarm_Handler
                0x08000240                TIM4_Handler
                0x08000240                TIM8_UP_TIM13_Handler
                0x08000240                CAN2_TX_Handler
                0x08000240                SPI2_Handler
                0x08000240                DMA2_Stream1_Handler
                0x08000240                DMA1_Stream2_Handler
                0x08000240                MemManage_Handler
                0x08000240                EXTI0_Handler
                0x08000240                TIM8_BRK_TIM12_Handler
                0x08000240                CAN2_RX0_Handler
                0x08000240                DMA2_Stream5_Handler
                0x08000240                DMA1_Stream6_Handler
                0x08000240                SDIO_Handler
                0x08000240                USART2_Handler
                0x08000240                ETH_Handler
                0x08000240                SPI1_Handler
                0x08000240                I2C2_EV_Handler
                0x08000240                DMA2_Stream2_Handler
                0x08000240                SPI3_Handler
                0x08000240                DMA2_Stream0_Handler
                0x08000240                RCC_Handler
                0x08000240                PVD_Handler
                0x08000240                UART5_Handler
                0x08000240                DMA1_Stream5_Handler
                0x08000240                TIM5_Handler
                0x08000240                TIM7_Handler
                0x08000240                TIM8_TRG_COM_TIM14_Handler
                0x08000240                CAN1_TX_Handler
                0x08000240                FPU_Handler
                0x08000240                BusFault_Handler
                0x08000240                DMA1_Stream4_Handler
                0x08000240                OTG_HS_WKUP_Handler
                0x08000240                OTG_FS_WKUP_Handler
                0x08000240                OTG_HS_EP1_IN_Handler
 *(.kernel_rodata .kernel_rodata*)
                0x08000244                        . = ALIGN (0x4)

.ARM.extab
 *(.ARM.extab* .gnu.linkonce.armextab.*)

.ARM            0x08000244        0x0
                0x08000244                        __exidx_start = .
 *(.ARM.exidx*)
                0x08000244                        __exidx_end = .

.preinit_array  0x08000244        0x0
                [!provide]                        PROVIDE (__preinit_array_start = .)
 *(.preinit_array*)
                [!provide]                        PROVIDE (__preinit_array_end = .)

.init_array     0x08000244        0x0
                0x08000244                        PROVIDE (__init_array_start = .)
 *(SORT_BY_NAME(.init_array.*))
 *(.init_array*)
                0x08000244                        PROVIDE (__init_array_end = .)

.fini_array     0x08000244        0x0
                [!provide]                        PROVIDE (__fini_array_start = .)
 *(SORT_BY_NAME(.fini_array.*))
 *(.fini_array*)
                [!provide]                        PROVIDE (__fini_array_end = .)

.user_text      0x08010000     0x4364
                0x08010000                        . = ALIGN (0x4)
 *(.user_text .user_text*)
 *(.text .text*)
 .text          0x08010000      0x638 build/app/app_global.o
                0x08010000                app_temp_zone_str
                0x08010018                app_print_line
                0x08010048                app_record_sample
                0x08010094                app_record_control
                0x080100cc                app_get_thermal_snapshot
                0x08010110                app_print_task_table
                0x080101c0                app_print_system_status
                0x080102f8                app_print_queue_status
                0x0801037c                app_print_heap_status
                0x08010428                app_print_power_status
                0x0801049c                app_print_demo_summary
                0x080104f8                service_init
                0x08010534                app_init
 .text          0x08010638        0x0 build/app/main.o
 .text.startup  0x08010638       0x18 build/app/main.o
                0x08010638                main
 .text          0x08010650        0x4 build/app/rtos_tests.o
                0x08010650                rtos_test_init
 .text          0x08010654       0x14 build/app/tasks/gpio.o
                0x08010654                task_gpio_blink
 .text          0x08010668      0x1d0 build/app/tasks/sensor.o
                0x08010668                task_sensor
                0x08010700                task_controller
 .text          0x08010838      0x31c build/app/tasks/shell.o
                0x08010868                task_shell
 .text          0x08010b54       0x64 build/drivers/driver_gpio.o
                0x08010b54                gpio_driver_init_output
                0x08010b88                gpio_driver_write
                0x08010ba0                gpio_driver_read
                0x08010bac                gpio_driver_toggle
 .text          0x08010bb8      0x2c8 build/drivers/uart.o
                0x08010bb8                uart_init
                0x08010c40                uart_putc_raw
                0x08010c50                uart_putc
                0x08010c78                uart_print
                0x08010cbc                uart_getc
                0x08010cf4                USART1_Handler
                0x08010d38                _write
                0x08010d84                uart_print_hex
                0x08010dc0                uart_print_dec
                0x08010e40                uart_print_hex32
 .text          0x08010e80       0x28 build/hal/hal_gpio.o
                0x08010e80                hal_led_init
                0x08010e8c                hal_led_write
                0x08010e9c                hal_led_toggle
 .text          0x08010ea8       0x14 build/kernel/source/critical.o
                0x08010ea8                os_enter_critical
                0x08010eb8                os_exit_critical
 .text          0x08010ebc      0x364 build/kernel/source/heap.o
                0x08010f14                memory_init
                0x08010f8c                os_malloc
                0x0801105c                os_free
                0x0801118c                os_get_free_heap_size
                0x08011198                os_get_minimum_ever_free_heap_size
                0x080111a4                os_get_largest_free_block
                0x080111b0                os_get_heap_fragmentation_percent
                0x080111cc                os_get_heap_stats
                0x08011208                get_free_heap_size
                0x08011214                get_minimum_ever_free_heap_size
 .text          0x08011220      0x1e4 build/kernel/source/ipc.o
                0x08011220                msg_queue_init
                0x08011288                msg_queue_send_timeout
                0x08011340                msg_queue_send
                0x08011348                msg_queue_receive_timeout
                0x080113fc                msg_queue_receive
 .text          0x08011404      0x108 build/kernel/source/kernel.o
                0x08011404                push_sched_log
                0x08011434                kernel_panic
                0x080114b0                kernel_init
 .text          0x0801150c       0x9c build/kernel/source/list.o
                0x0801150c                list_init
                0x08011518                list_node_init
                0x08011524                list_is_empty
                0x08011534                list_push_back
                0x0801154c                list_pop_front
                0x08011574                list_remove
 .text          0x080115a8      0x128 build/kernel/source/low_power.o
                0x080115f8                os_low_power_can_sleep
                0x080115fc                os_low_power_try_sleep
 .text          0x080116d0      0x1a0 build/kernel/source/os_trace.o
                0x080116d0                os_trace_init
                0x080116e0                os_trace_record
                0x0801175c                os_trace_clear
                0x08011778                os_trace_dump
 .text          0x08011870      0x2cc build/kernel/source/runtime_stats.o
                0x08011870                runtime_stats_init
                0x0801187c                runtime_stats_counter
                0x080118b8                runtime_stats_task_switched_in
                0x080118fc                runtime_stats_task_switched_out
                0x08011958                runtime_stats_print
 .text          0x08011b3c      0x2dc build/kernel/source/scheduler.o
                0x08011b90                scheduler_init
                0x08011bb4                scheduler_lock
                0x08011bd0                add_task_to_ready_queue
                0x08011bd8                remove_task_from_ready_queue
                0x08011c24                get_highest_priority_ready_task
                0x08011c80                os_schedule
                0x08011d20                scheduler_unlock
                0x08011d64                scheduler_yield_if_needed
                0x08011d98                scheduler_tick
                0x08011dd4                os_start
 .text          0x08011e18      0x3e4 build/kernel/source/sync.o
                0x08011e5c                sem_init
                0x08011e78                sem_init_counting
                0x08011e9c                binary_sem_init
                0x08011eb4                sem_wait_timeout
                0x08011f18                sem_wait
                0x08011f20                sem_signal
                0x08011f98                sem_signal_from_isr
                0x08012010                sem_get_count
                0x0801202c                mutex_init
                0x0801203c                mutex_lock_timeout
                0x08012120                mutex_lock
                0x08012128                mutex_unlock
 *fill*         0x080121fc        0x4 
 .text          0x08012200      0xa24 build/kernel/source/task.o
                0x08012340                task_init
                0x080123c4                task_create_dynamic
                0x080124d0                task_create_static
                0x080125d8                task_kill
                0x080126f4                task_exit
                0x08012708                task_suspend
                0x08012788                task_resume
                0x080127d4                task_set_mpu_extra
                0x08012838                task_clear_mpu_extra
                0x08012860                task_yield
                0x08012864                task_block_current_on
                0x08012900                os_delay
                0x08012914                task_delay
                0x08012928                task_wake_one
                0x08012980                task_process_timeouts
                0x080129e0                task_get_stack_high_water_mark
                0x08012a18                vApplicationStackOverflowHook
                0x08012a48                task_check_stack
                0x08012ac0                task_check_all_stacks
                0x08012ae8                os_task_get_info
                0x08012b7c                idle_add_terminated_task
                0x08012ba4                vApplicationIdleHook
                0x08012ba8                prvIdleTask
 .text          0x08012c24       0x8c build/kernel/source/tick.o
                0x08012c24                tick_init
                0x08012c30                kernel_tick
                0x08012c64                tick_step
 .text          0x08012cb0      0x194 build/kernel/source/timer.o
                0x08012cb0                timer_process_tick
                0x08012d0c                timer_ticks_until_next_expiry
                0x08012d5c                timer_init
                0x08012d68                os_timer_init
                0x08012d84                os_timer_start
                0x08012e0c                os_timer_stop
 .text          0x08012e44       0x80 build/kernel/source/utils.o
                0x08012e44                task_state_str
                0x08012e5c                my_strcmp
                0x08012e84                my_strncmp
 .text          0x08012ec4        0x4 build/arch/isr.o
                0x08012ec4                SysTick_Handler
 .text          0x08012ec8      0x200 build/arch/mpu.o
                0x08012ec8                mpu_encode_size
                0x08012ee8                mpu_init
                0x08012fc4                mpu_switch_task
                0x080130b4                mpu_disable_extra
 .text          0x080130c8      0x1c0 build/arch/nvic.o
                0x080130c8                nvic_enable_irq
                0x080130e4                nvic_disable_irq
                0x08013100                nvic_set_pending
                0x08013144                nvic_clear_pending
                0x08013184                nvic_get_pending
                0x080131cc                nvic_get_active
                0x080131f0                nvic_set_irq_priority
                0x08013218                nvic_get_irq_priority
                0x0801323c                nvic_set_priority
                0x08013264                nvic_get_priority
 .text          0x08013288       0xa8 build/arch/port.o
                0x08013288                port_disable_irq
                0x0801328c                port_enable_irq
                0x08013290                port_get_irq_state
                0x08013298                port_set_irq_state
                0x080132a0                port_in_isr
                0x080132ac                port_yield
                0x080132b4                port_yield_from_isr
                0x080132bc                port_start_scheduler
                0x08013300                port_tick_start_periodic
                0x08013308                port_tick_stop
                0x0801330c                port_tick_clear_pending
                0x08013310                port_tick_start_oneshot
                0x08013314                port_tick_elapsed
                0x08013318                port_system_reset
 .text          0x08013330      0x104 build/arch/systick.o
                0x08013330                systick_disable
                0x08013344                systick_clear_pending
                0x08013354                systick_max_suppressed_ticks
                0x0801335c                systick_start_oneshot
                0x080133b8                systick_elapsed_ticks
                0x080133e4                systick_init
 .text          0x08013434       0x84 build/platform/system_stm32f4xx.o
                0x08013434                SystemInit
                0x08013448                SystemCoreClockUpdate
 .text          0x080134b8       0x14 build/boards/source/board.o
                0x080134b8                board_init
 .text          0x080134cc        0x0 build/boards/source/bsp_gpio.o
 .text          0x080134cc       0x7c build/boards/source/rcc.o
                0x080134cc                rcc_init
 .text          0x08013548       0x40 build/boards/source/scb.o
                0x08013548                scb_init
 .text          0x08013588       0x70 build/arch/context_switch.o
                0x08013588                PendSV_Handler
                0x080135cc                SVC_Handler
 .text          0x080135f8        0x0 build/platform/startup.o
 *(.rodata .rodata*)
 .rodata.str1.4
                0x080135f8      0xc8c build/app/app_global.o
                                0x329 (size before relaxing)
 .rodata        0x08014284        0xc build/app/app_global.o
 .rodata.str1.4
                0x08014290       0x78 build/app/tasks/sensor.o
 .rodata        0x08014290       0x10 build/app/tasks/sensor.o
 .rodata.str1.4
                0x080142a0      0x3bb build/app/tasks/shell.o
 .rodata.str1.4
                0x080142a0       0xb6 build/kernel/source/heap.o
 .rodata.str1.4
                0x080142a0       0xa3 build/kernel/source/kernel.o
 .rodata.str1.4
                0x080142a0      0x146 build/kernel/source/os_trace.o
 .rodata        0x080142a0       0x48 build/kernel/source/os_trace.o
 .rodata.str1.4
                0x080142e8       0x93 build/kernel/source/runtime_stats.o
 .rodata.str1.4
                0x080142e8      0x1ff build/kernel/source/task.o
 .rodata.str1.4
                0x080142e8       0x3d build/kernel/source/utils.o
 .rodata        0x080142e8       0x1c build/kernel/source/utils.o
 .rodata        0x08014304       0x48 build/arch/mpu.o
                0x08014304                static_regions
 .rodata.str1.4
                0x0801434c       0x20 build/arch/port.o
 .rodata        0x0801434c       0x18 build/platform/system_stm32f4xx.o
                0x0801434c                AHBPrescTable
                0x0801435c                APBPrescTable
                0x0801465c                        . = ALIGN (0x4)
                0x08000244                        _sidata = LOADADDR (.kernel_data)
                0x08014364                        _siuserdata = LOADADDR (.user_data)
                0x08000278                        _siccmram = LOADADDR (.ccmram)

.glue_7         0x08014364        0x0
 .glue_7        0x08014364        0x0 linker stubs

.glue_7t        0x08014364        0x0
 .glue_7t       0x08014364        0x0 linker stubs

.vfp11_veneer   0x08014364        0x0
 .vfp11_veneer  0x08014364        0x0 linker stubs

.v4_bx          0x08014364        0x0
 .v4_bx         0x08014364        0x0 linker stubs

.iplt           0x08014364        0x0
 .iplt          0x08014364        0x0 build/app/app_global.o

.igot.plt       0x08014364        0x0
 .igot.plt      0x08014364        0x0 build/app/app_global.o

.rel.dyn        0x08014364        0x0
 .rel.iplt      0x08014364        0x0 build/app/app_global.o

.kernel_data    0x20000000       0x34 load address 0x08000244
                0x20000000                        . = ALIGN (0x4)
                0x20000000                        _sdata = .
 *(.kernel_data .kernel_data*)
 *(.data .data*)
 .data          0x20000000       0x24 build/app/app_global.o
 .data          0x20000024        0x0 build/app/main.o
 .data          0x20000024        0x0 build/app/rtos_tests.o
 .data          0x20000024        0x0 build/app/tasks/gpio.o
 .data          0x20000024        0xc build/app/tasks/sensor.o
 .data          0x20000030        0x0 build/app/tasks/shell.o
 .data          0x20000030        0x0 build/drivers/driver_gpio.o
 .data          0x20000030        0x0 build/drivers/uart.o
 .data          0x20000030        0x0 build/hal/hal_gpio.o
 .data          0x20000030        0x0 build/kernel/source/critical.o
 .data          0x20000030        0x0 build/kernel/source/heap.o
 .data          0x20000030        0x0 build/kernel/source/ipc.o
 .data          0x20000030        0x0 build/kernel/source/kernel.o
 .data          0x20000030        0x0 build/kernel/source/list.o
 .data          0x20000030        0x0 build/kernel/source/low_power.o
 .data          0x20000030        0x0 build/kernel/source/os_trace.o
 .data          0x20000030        0x0 build/kernel/source/runtime_stats.o
 .data          0x20000030        0x0 build/kernel/source/scheduler.o
 .data          0x20000030        0x0 build/kernel/source/sync.o
 .data          0x20000030        0x0 build/kernel/source/task.o
 .data          0x20000030        0x0 build/kernel/source/tick.o
 .data          0x20000030        0x0 build/kernel/source/timer.o
 .data          0x20000030        0x0 build/kernel/source/utils.o
 .data          0x20000030        0x0 build/arch/isr.o
 .data          0x20000030        0x0 build/arch/mpu.o
 .data          0x20000030        0x0 build/arch/nvic.o
 .data          0x20000030        0x0 build/arch/port.o
 .data          0x20000030        0x0 build/arch/systick.o
 .data          0x20000030        0x4 build/platform/system_stm32f4xx.o
                0x20000030                SystemCoreClock
 .data          0x20000034        0x0 build/boards/source/board.o
 .data          0x20000034        0x0 build/boards/source/bsp_gpio.o
 .data          0x20000034        0x0 build/boards/source/rcc.o
 .data          0x20000034        0x0 build/boards/source/scb.o
 .data          0x20000034        0x0 build/arch/context_switch.o
 .data          0x20000034        0x0 build/platform/startup.o
                0x20000034                        . = ALIGN (0x4)
                0x20000034                        _edata = .

.user_data      0x20008000        0x0 load address 0x08014364
                0x20008000                        . = ALIGN (0x4)
                0x20008000                        _suserdata = .
 *(.user_data .user_data*)
                0x20008000                        . = ALIGN (0x4)
                0x20008000                        _euserdata = .

.ccmram         0x10000000        0x0 load address 0x08000278
                0x10000000                        . = ALIGN (0x4)
                0x10000000                        _sccmram = .
 *(.ccmram .ccmram*)
                0x10000000                        . = ALIGN (0x4)
                0x10000000                        _eccmram = .

.kernel_bss     0x20000038      0x7ec
                0x20000038                        . = ALIGN (0x4)
                0x20000038                        _sbss = .
 *(.kernel_bss .kernel_bss*)
 *(.bss .bss*)
 .bss           0x20000038       0x54 build/app/app_global.o
                0x20000038                app_mutex
                0x20000048                temp_queue
 .bss           0x2000008c        0x0 build/app/main.o
 .bss           0x2000008c        0x0 build/app/rtos_tests.o
 .bss           0x2000008c        0x0 build/app/tasks/gpio.o
 .bss           0x2000008c        0x0 build/app/tasks/sensor.o
 .bss           0x2000008c        0x0 build/app/tasks/shell.o
 .bss           0x2000008c        0x0 build/drivers/driver_gpio.o
 .bss           0x2000008c       0xa8 build/drivers/uart.o
                0x2000008c                uart_rx_semaphore
                0x2000009c                uart_tx_mutex
 .bss           0x20000134        0x0 build/hal/hal_gpio.o
 .bss           0x20000134        0x0 build/kernel/source/critical.o
 .bss           0x20000134       0x24 build/kernel/source/heap.o
 .bss           0x20000158        0x0 build/kernel/source/ipc.o
 .bss           0x20000158       0x84 build/kernel/source/kernel.o
                0x20000158                log_head
                0x20000159                log_tail
                0x2000015c                log_buffer
 .bss           0x200001dc        0x0 build/kernel/source/list.o
 .bss           0x200001dc        0x0 build/kernel/source/low_power.o
 .bss           0x200001dc      0x28c build/kernel/source/os_trace.o
 .bss           0x20000468        0x4 build/kernel/source/runtime_stats.o
 .bss           0x2000046c       0x51 build/kernel/source/scheduler.o
                0x2000046c                ready_list
                0x200004ac                top_ready_priority_bitmap
                0x200004b0                current_tcb
                0x200004b4                next_tcb
 .bss           0x200004bd        0x0 build/kernel/source/sync.o
 *fill*         0x200004bd        0x3 
 .bss           0x200004c0      0x354 build/kernel/source/task.o
                0x200004c0                tcb_table
 .bss           0x20000814        0x4 build/kernel/source/tick.o
                0x20000814                os_tick_count
 .bss           0x20000818        0x8 build/kernel/source/timer.o
 .bss           0x20000820        0x0 build/kernel/source/utils.o
 .bss           0x20000820        0x0 build/arch/isr.o
 .bss           0x20000820        0x1 build/arch/mpu.o
 .bss           0x20000821        0x0 build/arch/nvic.o
 .bss           0x20000821        0x0 build/arch/port.o
 .bss           0x20000821        0x0 build/arch/systick.o
 .bss           0x20000821        0x0 build/platform/system_stm32f4xx.o
 .bss           0x20000821        0x0 build/boards/source/board.o
 .bss           0x20000821        0x0 build/boards/source/bsp_gpio.o
 .bss           0x20000821        0x0 build/boards/source/rcc.o
 .bss           0x20000821        0x0 build/boards/source/scb.o
 .bss           0x20000821        0x0 build/arch/context_switch.o
 .bss           0x20000821        0x0 build/platform/startup.o
 *(COMMON)
                0x20000824                        . = ALIGN (0x4)
 *fill*         0x20000821        0x3 
                0x20000824                        _ebss = .

.user_bss       0x20008000        0x0
                0x20008000                        . = ALIGN (0x4)
                0x20008000                        _suserbss = .
 *(.user_bss .user_bss*)
                0x20008000                        . = ALIGN (0x4)
                0x20008000                        _euserbss = .
                0x20000824                        PROVIDE (_end = _ebss)

.kernel_heap_stack
                0x20000824      0x604
                0x20000828                        . = ALIGN (0x8)
 *fill*         0x20000824        0x4 
                0x20000828                        _heap_start = .
                0x20000a28                        . = (. + _Min_Heap_Size)
 *fill*         0x20000828      0x200 
                0x20000a28                        _heap_end = .
                0x20000a28                        _stack_end = .
                0x20000e28                        . = (. + _Min_Stack_Size)
 *fill*         0x20000a28      0x400 
                0x20000e28                        . = ALIGN (0x8)
                0x00000001                        ASSERT (((ORIGIN (KERNEL_RAM) + LENGTH (KERNEL_RAM)) >= _estack), ERROR: KERNEL_RAM overflow — reduce data/bss or increase LENGTH)
                0x00000001                        ASSERT (((ORIGIN (USER_RAM) + LENGTH (USER_RAM)) >= _euserbss), ERROR: USER_RAM overflow — reduce user data/bss or increase LENGTH)
                0x00000001                        ASSERT (((ORIGIN (CCMRAM) + LENGTH (CCMRAM)) >= _eccmram), ERROR: CCMRAM overflow)
                0x00000001                        ASSERT (((ORIGIN (KERNEL_FLASH) + LENGTH (KERNEL_FLASH)) >= LOADADDR (.user_text)), ERROR: KERNEL_FLASH overflow — kernel code/data too large)
OUTPUT(build/myos.elf elf32-littlearm)
LOAD linker stubs

.debug_info     0x00000000     0xd96f
 .debug_info    0x00000000     0x1d5b build/app/app_global.o
 .debug_info    0x00001d5b       0xd4 build/app/main.o
 .debug_info    0x00001e2f       0x80 build/app/rtos_tests.o
 .debug_info    0x00001eaf       0xcd build/app/tasks/gpio.o
 .debug_info    0x00001f7c      0x806 build/app/tasks/sensor.o
 .debug_info    0x00002782      0x851 build/app/tasks/shell.o
 .debug_info    0x00002fd3      0x38c build/drivers/driver_gpio.o
 .debug_info    0x0000335f      0xa0c build/drivers/uart.o
 .debug_info    0x00003d6b      0x23a build/hal/hal_gpio.o
 .debug_info    0x00003fa5      0x11e build/kernel/source/critical.o
 .debug_info    0x000040c3      0x968 build/kernel/source/heap.o
 .debug_info    0x00004a2b      0xaf7 build/kernel/source/ipc.o
 .debug_info    0x00005522      0x6d2 build/kernel/source/kernel.o
 .debug_info    0x00005bf4      0x206 build/kernel/source/list.o
 .debug_info    0x00005dfa      0x75e build/kernel/source/low_power.o
 .debug_info    0x00006558      0x590 build/kernel/source/os_trace.o
 .debug_info    0x00006ae8      0x994 build/kernel/source/runtime_stats.o
 .debug_info    0x0000747c      0xaba build/kernel/source/scheduler.o
 .debug_info    0x00007f36      0xfb4 build/kernel/source/sync.o
 .debug_info    0x00008eea     0x1caf build/kernel/source/task.o
 .debug_info    0x0000ab99      0x508 build/kernel/source/tick.o
 .debug_info    0x0000b0a1      0x6ac build/kernel/source/timer.o
 .debug_info    0x0000b74d      0x17a build/kernel/source/utils.o
 .debug_info    0x0000b8c7       0x91 build/arch/isr.o
 .debug_info    0x0000b958      0x72b build/arch/mpu.o
 .debug_info    0x0000c083      0x58d build/arch/nvic.o
 .debug_info    0x0000c610      0x68d build/arch/port.o
 .debug_info    0x0000cc9d      0x51e build/arch/systick.o
 .debug_info    0x0000d1bb      0x506 build/platform/system_stm32f4xx.o
 .debug_info    0x0000d6c1       0xb0 build/boards/source/board.o
 .debug_info    0x0000d771       0x65 build/boards/source/bsp_gpio.o
 .debug_info    0x0000d7d6       0xa0 build/boards/source/rcc.o
 .debug_info    0x0000d876       0x98 build/boards/source/scb.o
 .debug_info    0x0000d90e       0x24 build/arch/context_switch.o
 .debug_info    0x0000d932       0x3d build/platform/startup.o

.debug_abbrev   0x00000000     0x3c95
 .debug_abbrev  0x00000000      0x354 build/app/app_global.o
 .debug_abbrev  0x00000354       0x62 build/app/main.o
 .debug_abbrev  0x000003b6       0x43 build/app/rtos_tests.o
 .debug_abbrev  0x000003f9       0x9e build/app/tasks/gpio.o
 .debug_abbrev  0x00000497      0x1dd build/app/tasks/sensor.o
 .debug_abbrev  0x00000674      0x1a6 build/app/tasks/shell.o
 .debug_abbrev  0x0000081a      0x145 build/drivers/driver_gpio.o
 .debug_abbrev  0x0000095f      0x2fa build/drivers/uart.o
 .debug_abbrev  0x00000c59      0x138 build/hal/hal_gpio.o
 .debug_abbrev  0x00000d91       0xf9 build/kernel/source/critical.o
 .debug_abbrev  0x00000e8a      0x3b6 build/kernel/source/heap.o
 .debug_abbrev  0x00001240      0x280 build/kernel/source/ipc.o
 .debug_abbrev  0x000014c0      0x212 build/kernel/source/kernel.o
 .debug_abbrev  0x000016d2      0x147 build/kernel/source/list.o
 .debug_abbrev  0x00001819      0x268 build/kernel/source/low_power.o
 .debug_abbrev  0x00001a81      0x22c build/kernel/source/os_trace.o
 .debug_abbrev  0x00001cad      0x2d5 build/kernel/source/runtime_stats.o
 .debug_abbrev  0x00001f82      0x303 build/kernel/source/scheduler.o
 .debug_abbrev  0x00002285      0x3af build/kernel/source/sync.o
 .debug_abbrev  0x00002634      0x508 build/kernel/source/task.o
 .debug_abbrev  0x00002b3c      0x195 build/kernel/source/tick.o
 .debug_abbrev  0x00002cd1      0x2e5 build/kernel/source/timer.o
 .debug_abbrev  0x00002fb6       0xc8 build/kernel/source/utils.o
 .debug_abbrev  0x0000307e       0x62 build/arch/isr.o
 .debug_abbrev  0x000030e0      0x2a4 build/arch/mpu.o
 .debug_abbrev  0x00003384      0x1ea build/arch/nvic.o
 .debug_abbrev  0x0000356e      0x2ba build/arch/port.o
 .debug_abbrev  0x00003828      0x1b7 build/arch/systick.o
 .debug_abbrev  0x000039df      0x11f build/platform/system_stm32f4xx.o
 .debug_abbrev  0x00003afe       0x6c build/boards/source/board.o
 .debug_abbrev  0x00003b6a       0x26 build/boards/source/bsp_gpio.o
 .debug_abbrev  0x00003b90       0x66 build/boards/source/rcc.o
 .debug_abbrev  0x00003bf6       0x65 build/boards/source/scb.o
 .debug_abbrev  0x00003c5b       0x14 build/arch/context_switch.o
 .debug_abbrev  0x00003c6f       0x26 build/platform/startup.o

.debug_loclists
                0x00000000     0x4b6e
 .debug_loclists
                0x00000000      0x6c1 build/app/app_global.o
 .debug_loclists
                0x000006c1      0x107 build/app/tasks/sensor.o
 .debug_loclists
                0x000007c8      0x130 build/app/tasks/shell.o
 .debug_loclists
                0x000008f8       0x72 build/drivers/driver_gpio.o
 .debug_loclists
                0x0000096a      0x333 build/drivers/uart.o
 .debug_loclists
                0x00000c9d       0x2b build/hal/hal_gpio.o
 .debug_loclists
                0x00000cc8       0x33 build/kernel/source/critical.o
 .debug_loclists
                0x00000cfb      0x556 build/kernel/source/heap.o
 .debug_loclists
                0x00001251      0x438 build/kernel/source/ipc.o
 .debug_loclists
                0x00001689       0x74 build/kernel/source/kernel.o
 .debug_loclists
                0x000016fd       0xa0 build/kernel/source/list.o
 .debug_loclists
                0x0000179d      0x11b build/kernel/source/low_power.o
 .debug_loclists
                0x000018b8      0x1fc build/kernel/source/os_trace.o
 .debug_loclists
                0x00001ab4      0x3c3 build/kernel/source/runtime_stats.o
 .debug_loclists
                0x00001e77      0x2cd build/kernel/source/scheduler.o
 .debug_loclists
                0x00002144      0x7f7 build/kernel/source/sync.o
 .debug_loclists
                0x0000293b     0x1466 build/kernel/source/task.o
 .debug_loclists
                0x00003da1       0x4a build/kernel/source/tick.o
 .debug_loclists
                0x00003deb      0x261 build/kernel/source/timer.o
 .debug_loclists
                0x0000404c      0x133 build/kernel/source/utils.o
 .debug_loclists
                0x0000417f      0x28c build/arch/mpu.o
 .debug_loclists
                0x0000440b      0x546 build/arch/nvic.o
 .debug_loclists
                0x00004951       0x74 build/arch/port.o
 .debug_loclists
                0x000049c5      0x10e build/arch/systick.o
 .debug_loclists
                0x00004ad3       0x6a build/platform/system_stm32f4xx.o
 .debug_loclists
                0x00004b3d       0x31 build/boards/source/rcc.o

.debug_aranges  0x00000000      0x460
 .debug_aranges
                0x00000000       0x20 build/app/app_global.o
 .debug_aranges
                0x00000020       0x20 build/app/main.o
 .debug_aranges
                0x00000040       0x20 build/app/rtos_tests.o
 .debug_aranges
                0x00000060       0x20 build/app/tasks/gpio.o
 .debug_aranges
                0x00000080       0x20 build/app/tasks/sensor.o
 .debug_aranges
                0x000000a0       0x20 build/app/tasks/shell.o
 .debug_aranges
                0x000000c0       0x20 build/drivers/driver_gpio.o
 .debug_aranges
                0x000000e0       0x20 build/drivers/uart.o
 .debug_aranges
                0x00000100       0x20 build/hal/hal_gpio.o
 .debug_aranges
                0x00000120       0x20 build/kernel/source/critical.o
 .debug_aranges
                0x00000140       0x20 build/kernel/source/heap.o
 .debug_aranges
                0x00000160       0x20 build/kernel/source/ipc.o
 .debug_aranges
                0x00000180       0x20 build/kernel/source/kernel.o
 .debug_aranges
                0x000001a0       0x20 build/kernel/source/list.o
 .debug_aranges
                0x000001c0       0x20 build/kernel/source/low_power.o
 .debug_aranges
                0x000001e0       0x20 build/kernel/source/os_trace.o
 .debug_aranges
                0x00000200       0x20 build/kernel/source/runtime_stats.o
 .debug_aranges
                0x00000220       0x20 build/kernel/source/scheduler.o
 .debug_aranges
                0x00000240       0x20 build/kernel/source/sync.o
 .debug_aranges
                0x00000260       0x20 build/kernel/source/task.o
 .debug_aranges
                0x00000280       0x20 build/kernel/source/tick.o
 .debug_aranges
                0x000002a0       0x20 build/kernel/source/timer.o
 .debug_aranges
                0x000002c0       0x20 build/kernel/source/utils.o
 .debug_aranges
                0x000002e0       0x20 build/arch/isr.o
 .debug_aranges
                0x00000300       0x20 build/arch/mpu.o
 .debug_aranges
                0x00000320       0x20 build/arch/nvic.o
 .debug_aranges
                0x00000340       0x20 build/arch/port.o
 .debug_aranges
                0x00000360       0x20 build/arch/systick.o
 .debug_aranges
                0x00000380       0x20 build/platform/system_stm32f4xx.o
 .debug_aranges
                0x000003a0       0x20 build/boards/source/board.o
 .debug_aranges
                0x000003c0       0x18 build/boards/source/bsp_gpio.o
 .debug_aranges
                0x000003d8       0x20 build/boards/source/rcc.o
 .debug_aranges
                0x000003f8       0x20 build/boards/source/scb.o
 .debug_aranges
                0x00000418       0x20 build/arch/context_switch.o
 .debug_aranges
                0x00000438       0x28 build/platform/startup.o

.debug_rnglists
                0x00000000      0x738
 .debug_rnglists
                0x00000000       0x9a build/app/app_global.o
 .debug_rnglists
                0x0000009a       0x13 build/app/main.o
 .debug_rnglists
                0x000000ad       0x35 build/app/tasks/sensor.o
 .debug_rnglists
                0x000000e2       0x17 build/app/tasks/shell.o
 .debug_rnglists
                0x000000f9       0x99 build/drivers/uart.o
 .debug_rnglists
                0x00000192       0xb3 build/kernel/source/heap.o
 .debug_rnglists
                0x00000245       0x1f build/kernel/source/ipc.o
 .debug_rnglists
                0x00000264       0x1d build/kernel/source/list.o
 .debug_rnglists
                0x00000281       0x24 build/kernel/source/low_power.o
 .debug_rnglists
                0x000002a5      0x11b build/kernel/source/runtime_stats.o
 .debug_rnglists
                0x000003c0       0x23 build/kernel/source/scheduler.o
 .debug_rnglists
                0x000003e3       0x6f build/kernel/source/sync.o
 .debug_rnglists
                0x00000452      0x19d build/kernel/source/task.o
 .debug_rnglists
                0x000005ef       0x59 build/kernel/source/timer.o
 .debug_rnglists
                0x00000648       0x88 build/arch/mpu.o
 .debug_rnglists
                0x000006d0       0x22 build/arch/nvic.o
 .debug_rnglists
                0x000006f2       0x2c build/arch/systick.o
 .debug_rnglists
                0x0000071e       0x1a build/platform/startup.o

.debug_line     0x00000000     0x669c
 .debug_line    0x00000000      0x7a9 build/app/app_global.o
 .debug_line    0x000007a9       0xb3 build/app/main.o
 .debug_line    0x0000085c       0x44 build/app/rtos_tests.o
 .debug_line    0x000008a0       0xc2 build/app/tasks/gpio.o
 .debug_line    0x00000962      0x2af build/app/tasks/sensor.o
 .debug_line    0x00000c11      0x368 build/app/tasks/shell.o
 .debug_line    0x00000f79      0x121 build/drivers/driver_gpio.o
 .debug_line    0x0000109a      0x5e6 build/drivers/uart.o
 .debug_line    0x00001680       0xec build/hal/hal_gpio.o
 .debug_line    0x0000176c       0xbc build/kernel/source/critical.o
 .debug_line    0x00001828      0x65c build/kernel/source/heap.o
 .debug_line    0x00001e84      0x3d5 build/kernel/source/ipc.o
 .debug_line    0x00002259      0x1fa build/kernel/source/kernel.o
 .debug_line    0x00002453      0x1fe build/kernel/source/list.o
 .debug_line    0x00002651      0x2b4 build/kernel/source/low_power.o
 .debug_line    0x00002905      0x294 build/kernel/source/os_trace.o
 .debug_line    0x00002b99      0x4e8 build/kernel/source/runtime_stats.o
 .debug_line    0x00003081      0x568 build/kernel/source/scheduler.o
 .debug_line    0x000035e9      0x6ec build/kernel/source/sync.o
 .debug_line    0x00003cd5     0x10bb build/kernel/source/task.o
 .debug_line    0x00004d90      0x19c build/kernel/source/tick.o
 .debug_line    0x00004f2c      0x390 build/kernel/source/timer.o
 .debug_line    0x000052bc      0x11d build/kernel/source/utils.o
 .debug_line    0x000053d9       0x5a build/arch/isr.o
 .debug_line    0x00005433      0x44c build/arch/mpu.o
 .debug_line    0x0000587f      0x388 build/arch/nvic.o
 .debug_line    0x00005c07      0x21e build/arch/port.o
 .debug_line    0x00005e25      0x34b build/arch/systick.o
 .debug_line    0x00006170      0x177 build/platform/system_stm32f4xx.o
 .debug_line    0x000062e7       0x9b build/boards/source/board.o
 .debug_line    0x00006382       0x39 build/boards/source/bsp_gpio.o
 .debug_line    0x000063bb      0x127 build/boards/source/rcc.o
 .debug_line    0x000064e2       0xa3 build/boards/source/scb.o
 .debug_line    0x00006585       0x70 build/arch/context_switch.o
 .debug_line    0x000065f5       0xa7 build/platform/startup.o

.debug_str      0x00000000     0x2026
 .debug_str     0x00000000     0x2026 build/app/app_global.o
                                0x818 (size before relaxing)
 .debug_str     0x00002026      0x176 build/app/main.o
 .debug_str     0x00002026      0x150 build/app/rtos_tests.o
 .debug_str     0x00002026      0x17f build/app/tasks/gpio.o
 .debug_str     0x00002026      0x48b build/app/tasks/sensor.o
 .debug_str     0x00002026      0x2ed build/app/tasks/shell.o
 .debug_str     0x00002026      0x2de build/drivers/driver_gpio.o
 .debug_str     0x00002026      0x404 build/drivers/uart.o
 .debug_str     0x00002026      0x21b build/hal/hal_gpio.o
 .debug_str     0x00002026      0x1b8 build/kernel/source/critical.o
 .debug_str     0x00002026      0x500 build/kernel/source/heap.o
 .debug_str     0x00002026      0x6e4 build/kernel/source/ipc.o
 .debug_str     0x00002026      0x4bf build/kernel/source/kernel.o
 .debug_str     0x00002026      0x171 build/kernel/source/list.o
 .debug_str     0x00002026      0x707 build/kernel/source/low_power.o
 .debug_str     0x00002026      0x438 build/kernel/source/os_trace.o
 .debug_str     0x00002026      0x4fd build/kernel/source/runtime_stats.o
 .debug_str     0x00002026      0x793 build/kernel/source/scheduler.o
 .debug_str     0x00002026      0x7af build/kernel/source/sync.o
 .debug_str     0x00002026      0xa48 build/kernel/source/task.o
 .debug_str     0x00002026      0x5c8 build/kernel/source/tick.o
 .debug_str     0x00002026      0x356 build/kernel/source/timer.o
 .debug_str     0x00002026      0x1db build/kernel/source/utils.o
 .debug_str     0x00002026      0x157 build/arch/isr.o
 .debug_str     0x00002026      0x24c build/arch/mpu.o
 .debug_str     0x00002026      0x28c build/arch/nvic.o
 .debug_str     0x00002026      0x3f4 build/arch/port.o
 .debug_str     0x00002026      0x2b3 build/arch/systick.o
 .debug_str     0x00002026      0x315 build/platform/system_stm32f4xx.o
 .debug_str     0x00002026      0x171 build/boards/source/board.o
 .debug_str     0x00002026      0x149 build/boards/source/bsp_gpio.o
 .debug_str     0x00002026      0x15e build/boards/source/rcc.o
 .debug_str     0x00002026      0x162 build/boards/source/scb.o
 .debug_str     0x00002026       0x49 build/arch/context_switch.o
 .debug_str     0x00002026       0x64 build/platform/startup.o

.comment        0x00000000       0x26
 .comment       0x00000000       0x26 build/app/app_global.o
                                 0x27 (size before relaxing)
 .comment       0x00000026       0x27 build/app/main.o
 .comment       0x00000026       0x27 build/app/rtos_tests.o
 .comment       0x00000026       0x27 build/app/tasks/gpio.o
 .comment       0x00000026       0x27 build/app/tasks/sensor.o
 .comment       0x00000026       0x27 build/app/tasks/shell.o
 .comment       0x00000026       0x27 build/drivers/driver_gpio.o
 .comment       0x00000026       0x27 build/drivers/uart.o
 .comment       0x00000026       0x27 build/hal/hal_gpio.o
 .comment       0x00000026       0x27 build/kernel/source/critical.o
 .comment       0x00000026       0x27 build/kernel/source/heap.o
 .comment       0x00000026       0x27 build/kernel/source/ipc.o
 .comment       0x00000026       0x27 build/kernel/source/kernel.o
 .comment       0x00000026       0x27 build/kernel/source/list.o
 .comment       0x00000026       0x27 build/kernel/source/low_power.o
 .comment       0x00000026       0x27 build/kernel/source/os_trace.o
 .comment       0x00000026       0x27 build/kernel/source/runtime_stats.o
 .comment       0x00000026       0x27 build/kernel/source/scheduler.o
 .comment       0x00000026       0x27 build/kernel/source/sync.o
 .comment       0x00000026       0x27 build/kernel/source/task.o
 .comment       0x00000026       0x27 build/kernel/source/tick.o
 .comment       0x00000026       0x27 build/kernel/source/timer.o
 .comment       0x00000026       0x27 build/kernel/source/utils.o
 .comment       0x00000026       0x27 build/arch/isr.o
 .comment       0x00000026       0x27 build/arch/mpu.o
 .comment       0x00000026       0x27 build/arch/nvic.o
 .comment       0x00000026       0x27 build/arch/port.o
 .comment       0x00000026       0x27 build/arch/systick.o
 .comment       0x00000026       0x27 build/platform/system_stm32f4xx.o
 .comment       0x00000026       0x27 build/boards/source/board.o
 .comment       0x00000026       0x27 build/boards/source/bsp_gpio.o
 .comment       0x00000026       0x27 build/boards/source/rcc.o
 .comment       0x00000026       0x27 build/boards/source/scb.o

.ARM.attributes
                0x00000000       0x32
 .ARM.attributes
                0x00000000       0x34 build/app/app_global.o
 .ARM.attributes
                0x00000034       0x34 build/app/main.o
 .ARM.attributes
                0x00000068       0x34 build/app/rtos_tests.o
 .ARM.attributes
                0x0000009c       0x34 build/app/tasks/gpio.o
 .ARM.attributes
                0x000000d0       0x34 build/app/tasks/sensor.o
 .ARM.attributes
                0x00000104       0x34 build/app/tasks/shell.o
 .ARM.attributes
                0x00000138       0x34 build/drivers/driver_gpio.o
 .ARM.attributes
                0x0000016c       0x34 build/drivers/uart.o
 .ARM.attributes
                0x000001a0       0x34 build/hal/hal_gpio.o
 .ARM.attributes
                0x000001d4       0x34 build/kernel/source/critical.o
 .ARM.attributes
                0x00000208       0x34 build/kernel/source/heap.o
 .ARM.attributes
                0x0000023c       0x34 build/kernel/source/ipc.o
 .ARM.attributes
                0x00000270       0x34 build/kernel/source/kernel.o
 .ARM.attributes
                0x000002a4       0x34 build/kernel/source/list.o
 .ARM.attributes
                0x000002d8       0x34 build/kernel/source/low_power.o
 .ARM.attributes
                0x0000030c       0x34 build/kernel/source/os_trace.o
 .ARM.attributes
                0x00000340       0x34 build/kernel/source/runtime_stats.o
 .ARM.attributes
                0x00000374       0x34 build/kernel/source/scheduler.o
 .ARM.attributes
                0x000003a8       0x34 build/kernel/source/sync.o
 .ARM.attributes
                0x000003dc       0x34 build/kernel/source/task.o
 .ARM.attributes
                0x00000410       0x34 build/kernel/source/tick.o
 .ARM.attributes
                0x00000444       0x34 build/kernel/source/timer.o
 .ARM.attributes
                0x00000478       0x34 build/kernel/source/utils.o
 .ARM.attributes
                0x000004ac       0x34 build/arch/isr.o
 .ARM.attributes
                0x000004e0       0x34 build/arch/mpu.o
 .ARM.attributes
                0x00000514       0x34 build/arch/nvic.o
 .ARM.attributes
                0x00000548       0x34 build/arch/port.o
 .ARM.attributes
                0x0000057c       0x34 build/arch/systick.o
 .ARM.attributes
                0x000005b0       0x34 build/platform/system_stm32f4xx.o
 .ARM.attributes
                0x000005e4       0x34 build/boards/source/board.o
 .ARM.attributes
                0x00000618       0x34 build/boards/source/bsp_gpio.o
 .ARM.attributes
                0x0000064c       0x34 build/boards/source/rcc.o
 .ARM.attributes
                0x00000680       0x34 build/boards/source/scb.o
 .ARM.attributes
                0x000006b4       0x25 build/arch/context_switch.o
 .ARM.attributes
                0x000006d9       0x25 build/platform/startup.o

.debug_frame    0x00000000     0x148c
 .debug_frame   0x00000000      0x1dc build/app/app_global.o
 .debug_frame   0x000001dc       0x28 build/app/main.o
 .debug_frame   0x00000204       0x20 build/app/rtos_tests.o
 .debug_frame   0x00000224       0x28 build/app/tasks/gpio.o
 .debug_frame   0x0000024c       0x5c build/app/tasks/sensor.o
 .debug_frame   0x000002a8       0x44 build/app/tasks/shell.o
 .debug_frame   0x000002ec       0x50 build/drivers/driver_gpio.o
 .debug_frame   0x0000033c      0x12c build/drivers/uart.o
 .debug_frame   0x00000468       0x40 build/hal/hal_gpio.o
 .debug_frame   0x000004a8       0x38 build/kernel/source/critical.o
 .debug_frame   0x000004e0      0x130 build/kernel/source/heap.o
 .debug_frame   0x00000610       0xa0 build/kernel/source/ipc.o
 .debug_frame   0x000006b0       0x58 build/kernel/source/kernel.o
 .debug_frame   0x00000708       0x70 build/kernel/source/list.o
 .debug_frame   0x00000778       0x70 build/kernel/source/low_power.o
 .debug_frame   0x000007e8       0xa8 build/kernel/source/os_trace.o
 .debug_frame   0x00000890       0x88 build/kernel/source/runtime_stats.o
 .debug_frame   0x00000918      0x188 build/kernel/source/scheduler.o
 .debug_frame   0x00000aa0      0x1e4 build/kernel/source/sync.o
 .debug_frame   0x00000c84      0x328 build/kernel/source/task.o
 .debug_frame   0x00000fac       0x64 build/kernel/source/tick.o
 .debug_frame   0x00001010       0xdc build/kernel/source/timer.o
 .debug_frame   0x000010ec       0x4c build/kernel/source/utils.o
 .debug_frame   0x00001138       0x20 build/arch/isr.o
 .debug_frame   0x00001158       0x74 build/arch/mpu.o
 .debug_frame   0x000011cc       0xb0 build/arch/nvic.o
 .debug_frame   0x0000127c       0xf8 build/arch/port.o
 .debug_frame   0x00001374       0x7c build/arch/systick.o
 .debug_frame   0x000013f0       0x30 build/platform/system_stm32f4xx.o
 .debug_frame   0x00001420       0x2c build/boards/source/board.o
 .debug_frame   0x0000144c       0x20 build/boards/source/rcc.o
 .debug_frame   0x0000146c       0x20 build/boards/source/scb.o

.debug_line_str
                0x00000000       0x50
 .debug_line_str
                0x00000000       0x50 build/arch/context_switch.o
                                 0x3d (size before relaxing)
 .debug_line_str
                0x00000050       0x3a build/platform/startup.o
