
There are no discarded input sections

Memory Configuration

Name             Origin             Length             Attributes
KERNEL_FLASH     0x08000000         0x00010000         xr
USER_FLASH       0x08010000         0x00070000         xr
KERNEL_RAM       0x20000000         0x00008000         xrw
USER_RAM         0x20008000         0x00014000         xrw
CCMRAM           0x10000000         0x00010000         xrw
*default*        0x00000000         0xffffffff

Linker script and memory map

LOAD build/app/app_global.o
LOAD build/app/main.o
LOAD build/app/rtos_tests.o
LOAD build/app/tasks/gpio.o
LOAD build/app/tasks/sensor.o
LOAD build/app/tasks/shell.o
LOAD build/drivers/driver_gpio.o
LOAD build/drivers/uart.o
LOAD build/hal/hal_gpio.o
LOAD build/kernel/source/critical.o
LOAD build/kernel/source/event_group.o
LOAD build/kernel/source/heap.o
LOAD build/kernel/source/ipc.o
LOAD build/kernel/source/kernel.o
LOAD build/kernel/source/list.o
LOAD build/kernel/source/low_power.o
LOAD build/kernel/source/os_trace.o
LOAD build/kernel/source/queue.o
LOAD build/kernel/source/runtime_stats.o
LOAD build/kernel/source/scheduler.o
LOAD build/kernel/source/sync.o
LOAD build/kernel/source/task.o
LOAD build/kernel/source/timer.o
LOAD build/kernel/source/utils.o
LOAD build/arch/isr.o
LOAD build/arch/mpu.o
LOAD build/arch/nvic.o
LOAD build/arch/port.o
LOAD build/arch/tick.o
LOAD build/platform/hardfault.o
LOAD build/platform/system_stm32f4xx.o
LOAD build/boards/source/board.o
LOAD build/boards/source/bsp_gpio.o
LOAD build/boards/source/rcc.o
LOAD build/boards/source/scb.o
LOAD build/boards/source/systick.o
LOAD build/arch/context_switch.o
LOAD build/platform/startup.o
                0x00000200                        _Min_Heap_Size = 0x200
                0x00000400                        _Min_Stack_Size = 0x400
                0x20008000                        PROVIDE (_estack = (ORIGIN (KERNEL_RAM) + LENGTH (KERNEL_RAM)))

.isr_vector     0x08000000      0x188
                0x08000000                        . = ALIGN (0x4)
 *(.isr_vector)
 .isr_vector    0x08000000      0x188 build/platform/startup.o
                0x08000000                _isr_vector
                0x08000188                        . = ALIGN (0x4)

.kernel_text    0x08000188       0xd8
                0x08000188                        . = ALIGN (0x4)
 *(.kernel_text .kernel_text*)
 .kernel_text   0x08000188       0xd4 build/platform/startup.o
                0x08000188                Reset_Handler
                0x08000204                HardFault_Handler
 .kernel_text.Default_Handler
                0x0800025c        0x4 build/platform/startup.o
                0x0800025c                RTC_WKUP_Handler
                0x0800025c                FLASH_Handler
                0x0800025c                DebugMon_Handler
                0x0800025c                DMA2_Stream7_Handler
                0x0800025c                OTG_HS_Handler
                0x0800025c                DMA2_Stream3_Handler
                0x0800025c                USART3_Handler
                0x0800025c                NMI_Handler
                0x0800025c                TIM6_DAC_Handler
                0x0800025c                CAN1_RX1_Handler
                0x0800025c                EXTI15_10_Handler
                0x0800025c                ADC_Handler
                0x0800025c                HASH_RNG_Handler
                0x0800025c                I2C1_EV_Handler
                0x0800025c                TAMP_STAMP_Handler
                0x0800025c                I2C3_ER_Handler
                0x0800025c                WWDG_Handler
                0x0800025c                EXTI4_Handler
                0x0800025c                I2C3_EV_Handler
                0x0800025c                DMA1_Stream1_Handler
                0x0800025c                DMA2_Stream4_Handler
                0x0800025c                DMA1_Stream7_Handler
                0x0800025c                OTG_FS_Handler
                0x0800025c                ETH_WKUP_Handler
                0x0800025c                TIM1_BRK_TIM9_Handler
                0x0800025c                I2C1_ER_Handler
                0x0800025c                DMA1_Stream3_Handler
                0x0800025c                UsageFault_Handler
                0x0800025c                TIM1_UP_TIM10_Handler
                0x0800025c                CAN1_RX0_Handler
                0x0800025c                TIM1_CC_Handler
                0x0800025c                I2C2_ER_Handler
                0x0800025c                USART6_Handler
                0x0800025c                TIM8_CC_Handler
                0x0800025c                CAN1_SCE_Handler
                0x0800025c                DMA1_Stream0_Handler
                0x0800025c                OTG_HS_EP1_OUT_Handler
                0x0800025c                FSMC_Handler
                0x0800025c                EXTI1_Handler
                0x0800025c                EXTI3_Handler
                0x0800025c                CRYP_Handler
                0x0800025c                EXTI2_Handler
                0x0800025c                UART4_Handler
                0x0800025c                CAN2_RX1_Handler
                0x0800025c                EXTI9_5_Handler
                0x0800025c                TIM2_Handler
                0x0800025c                CAN2_SCE_Handler
                0x0800025c                TIM3_Handler
                0x0800025c                DMA2_Stream6_Handler
                0x0800025c                Default_Handler
                0x0800025c                DCMI_Handler
                0x0800025c                TIM1_TRG_COM_TIM11_Handler
                0x0800025c                RTC_Alarm_Handler
                0x0800025c                TIM4_Handler
                0x0800025c                TIM8_UP_TIM13_Handler
                0x0800025c                CAN2_TX_Handler
                0x0800025c                SPI2_Handler
                0x0800025c                DMA2_Stream1_Handler
                0x0800025c                DMA1_Stream2_Handler
                0x0800025c                MemManage_Handler
                0x0800025c                EXTI0_Handler
                0x0800025c                TIM8_BRK_TIM12_Handler
                0x0800025c                CAN2_RX0_Handler
                0x0800025c                DMA2_Stream5_Handler
                0x0800025c                DMA1_Stream6_Handler
                0x0800025c                SDIO_Handler
                0x0800025c                USART2_Handler
                0x0800025c                ETH_Handler
                0x0800025c                SPI1_Handler
                0x0800025c                I2C2_EV_Handler
                0x0800025c                DMA2_Stream2_Handler
                0x0800025c                SPI3_Handler
                0x0800025c                DMA2_Stream0_Handler
                0x0800025c                RCC_Handler
                0x0800025c                PVD_Handler
                0x0800025c                UART5_Handler
                0x0800025c                DMA1_Stream5_Handler
                0x0800025c                TIM5_Handler
                0x0800025c                TIM7_Handler
                0x0800025c                TIM8_TRG_COM_TIM14_Handler
                0x0800025c                CAN1_TX_Handler
                0x0800025c                FPU_Handler
                0x0800025c                BusFault_Handler
                0x0800025c                DMA1_Stream4_Handler
                0x0800025c                OTG_HS_WKUP_Handler
                0x0800025c                OTG_FS_WKUP_Handler
                0x0800025c                OTG_HS_EP1_IN_Handler
 *(.kernel_rodata .kernel_rodata*)
                0x08000260                        . = ALIGN (0x4)

.ARM.extab
 *(.ARM.extab* .gnu.linkonce.armextab.*)

.ARM            0x08000260        0x0
                0x08000260                        __exidx_start = .
 *(.ARM.exidx*)
                0x08000260                        __exidx_end = .

.preinit_array  0x08000260        0x0
                [!provide]                        PROVIDE (__preinit_array_start = .)
 *(.preinit_array*)
                [!provide]                        PROVIDE (__preinit_array_end = .)

.init_array     0x08000260        0x0
                0x08000260                        PROVIDE (__init_array_start = .)
 *(SORT_BY_NAME(.init_array.*))
 *(.init_array*)
                0x08000260                        PROVIDE (__init_array_end = .)

.fini_array     0x08000260        0x0
                [!provide]                        PROVIDE (__fini_array_start = .)
 *(SORT_BY_NAME(.fini_array.*))
 *(.fini_array*)
                [!provide]                        PROVIDE (__fini_array_end = .)

.user_text      0x08010000     0x4d4c
                0x08010000                        . = ALIGN (0x4)
 *(.user_text .user_text*)
 *(.text .text*)
 .text          0x08010000      0x638 build/app/app_global.o
                0x08010000                app_temp_zone_str
                0x08010018                app_print_line
                0x08010048                app_record_sample
                0x08010094                app_record_control
                0x080100cc                app_get_thermal_snapshot
                0x08010110                app_print_task_table
                0x080101c0                app_print_system_status
                0x080102f8                app_print_queue_status
                0x0801037c                app_print_heap_status
                0x08010428                app_print_power_status
                0x0801049c                app_print_demo_summary
                0x080104f8                service_init
                0x08010534                app_init
 .text          0x08010638        0x0 build/app/main.o
 .text.startup  0x08010638       0x18 build/app/main.o
                0x08010638                main
 .text          0x08010650        0x4 build/app/rtos_tests.o
                0x08010650                rtos_test_init
 .text          0x08010654       0x14 build/app/tasks/gpio.o
                0x08010654                task_gpio_blink
 .text          0x08010668      0x1d0 build/app/tasks/sensor.o
                0x08010668                task_sensor
                0x08010700                task_controller
 .text          0x08010838      0x31c build/app/tasks/shell.o
                0x08010868                task_shell
 .text          0x08010b54       0x64 build/drivers/driver_gpio.o
                0x08010b54                gpio_driver_init_output
                0x08010b88                gpio_driver_write
                0x08010ba0                gpio_driver_read
                0x08010bac                gpio_driver_toggle
 .text          0x08010bb8      0x2c8 build/drivers/uart.o
                0x08010bb8                uart_init
                0x08010c40                uart_putc_raw
                0x08010c50                uart_putc
                0x08010c78                uart_print
                0x08010cbc                uart_getc
                0x08010cf4                USART1_Handler
                0x08010d38                _write
                0x08010d84                uart_print_hex
                0x08010dc0                uart_print_dec
                0x08010e40                uart_print_hex32
 .text          0x08010e80       0x28 build/hal/hal_gpio.o
                0x08010e80                hal_led_init
                0x08010e8c                hal_led_write
                0x08010e9c                hal_led_toggle
 .text          0x08010ea8       0x14 build/kernel/source/critical.o
                0x08010ea8                os_enter_critical
                0x08010eb8                os_exit_critical
 .text          0x08010ebc      0x22c build/kernel/source/event_group.o
                0x08010f44                event_group_init
                0x08010f54                event_group_get_bits
                0x08010f68                event_group_set_bits
                0x08010f9c                event_group_set_bits_from_isr
                0x08010fd0                event_group_clear_bits
                0x08010ff4                event_group_wait_bits
 .text          0x080110e8      0x364 build/kernel/source/heap.o
                0x08011140                memory_init
                0x080111b8                os_malloc
                0x08011288                os_free
                0x080113b8                os_get_free_heap_size
                0x080113c4                os_get_minimum_ever_free_heap_size
                0x080113d0                os_get_largest_free_block
                0x080113dc                os_get_heap_fragmentation_percent
                0x080113f8                os_get_heap_stats
                0x08011434                get_free_heap_size
                0x08011440                get_minimum_ever_free_heap_size
 .text          0x0801144c      0x458 build/kernel/source/ipc.o
                0x08011598                msg_queue_init
                0x08011600                msg_queue_send_timeout
                0x08011604                msg_queue_send_to_back_timeout
                0x08011608                msg_queue_send_to_front_timeout
                0x0801160c                msg_queue_send
                0x08011614                msg_queue_send_to_back
                0x0801161c                msg_queue_send_to_front
                0x08011624                msg_queue_receive_timeout
                0x080116ec                msg_queue_receive
                0x080116f4                msg_queue_send_from_isr
                0x080116f8                msg_queue_send_to_back_from_isr
                0x080116fc                msg_queue_send_to_front_from_isr
                0x08011700                msg_queue_receive_from_isr
                0x0801178c                msg_buffer_alloc
                0x080117b4                msg_buffer_release
                0x080117cc                msg_queue_send_buffer_timeout
                0x08011804                msg_queue_receive_buffer_timeout
                0x08011838                msg_queue_send_buffer_from_isr
                0x08011870                msg_queue_receive_buffer_from_isr
 .text          0x080118a4      0x110 build/kernel/source/kernel.o
                0x080118a4                push_sched_log
                0x080118d4                kernel_panic
                0x08011950                kernel_init
 .text          0x080119b4       0x9c build/kernel/source/list.o
                0x080119b4                list_init
                0x080119c0                list_node_init
                0x080119cc                list_is_empty
                0x080119dc                list_push_back
                0x080119f4                list_pop_front
                0x08011a1c                list_remove
 .text          0x08011a50      0x130 build/kernel/source/low_power.o
                0x08011aa0                os_low_power_can_sleep
                0x08011aa4                os_low_power_try_sleep
 .text          0x08011b80      0x1a0 build/kernel/source/os_trace.o
                0x08011b80                os_trace_init
                0x08011b90                os_trace_record
                0x08011c0c                os_trace_clear
                0x08011c28                os_trace_dump
 .text          0x08011d20       0x2c build/kernel/source/queue.o
                0x08011d20                queue_init
                0x08011d24                queue_enqueue
                0x08011d30                queue_dequeue
                0x08011d3c                queue_remove
                0x08011d48                queue_is_empty
 .text          0x08011d4c      0x2cc build/kernel/source/runtime_stats.o
                0x08011d4c                runtime_stats_init
                0x08011d58                runtime_stats_counter
                0x08011d94                runtime_stats_task_switched_in
                0x08011dd8                runtime_stats_task_switched_out
                0x08011e34                runtime_stats_print
 .text          0x08012018      0x29c build/kernel/source/scheduler.o
                0x08012018                scheduler_init_queues
                0x0801203c                scheduler_lock
                0x08012058                add_task_to_ready_queue
                0x0801209c                remove_task_from_ready_queue
                0x080120d4                get_highest_priority_ready_task
                0x08012118                os_schedule
                0x080121b8                scheduler_unlock
                0x080121fc                scheduler_yield_if_needed
                0x08012234                scheduler_tick
                0x08012270                os_start
 .text          0x080122b4      0x5e8 build/kernel/source/sync.o
                0x080125f0                sem_init
                0x0801260c                sem_init_counting
                0x08012630                binary_sem_init
                0x08012648                sem_wait_timeout
                0x080126ac                sem_wait
                0x080126b4                sem_signal
                0x08012730                sem_signal_from_isr
                0x080127ac                sem_get_count
                0x080127c8                mutex_init
                0x080127ec                mutex_lock_timeout
                0x08012810                mutex_lock
                0x0801282c                mutex_unlock
                0x08012844                recursive_mutex_lock_timeout
                0x08012868                recursive_mutex_lock
                0x08012884                recursive_mutex_unlock
 *fill*         0x0801289c        0x4 
 .text          0x080128a0      0xcfc build/kernel/source/task.o
                0x08012c4c                task_init
                0x08012cd8                task_create_dynamic
                0x08012de0                task_create_static
                0x08012ee8                task_kill
                0x08012ff0                task_exit
                0x08013004                task_suspend
                0x08013090                task_resume
                0x080130d8                task_set_mpu_extra
                0x0801313c                task_clear_mpu_extra
                0x08013160                task_yield
                0x08013164                task_delay
                0x08013168                task_block_current_on
                0x08013204                task_wake_one
                0x0801325c                task_process_timeouts
                0x080132c4                task_get_stack_high_water_mark
                0x080132fc                vApplicationStackOverflowHook
                0x0801332c                task_check_stack
                0x080133a4                task_check_all_stacks
                0x080133cc                task_set_ready
                0x080133d8                os_task_get_info
                0x08013468                task_set_running
                0x08013474                task_set_blocked
                0x08013480                task_set_suspended
                0x0801348c                task_set_terminated
                0x08013498                idle_add_terminated_task
                0x080134c0                vApplicationIdleHook
                0x080134c4                prvIdleTask
                0x08013540                task_set_state
 .text          0x0801359c      0x2a0 build/kernel/source/timer.o
                0x080136b4                timer_init
                0x080136d4                os_timer_init
                0x080136f4                os_timer_start
                0x08013750                os_timer_stop
                0x0801378c                os_timer_reset
                0x0801379c                os_timer_is_active
                0x080137a8                os_delay
                0x080137bc                process_timer_tick
                0x080137f0                timer_step_ticks
 .text          0x0801383c       0x80 build/kernel/source/utils.o
                0x0801383c                task_state_str
                0x08013854                my_strcmp
                0x0801387c                my_strncmp
 .text          0x080138bc        0x4 build/arch/isr.o
                0x080138bc                SysTick_Handler
 .text          0x080138c0      0x200 build/arch/mpu.o
                0x080138c0                mpu_encode_size
                0x080138e0                mpu_init
                0x080139bc                mpu_switch_task
                0x08013aac                mpu_disable_extra
 .text          0x08013ac0      0x1c0 build/arch/nvic.o
                0x08013ac0                nvic_enable_irq
                0x08013adc                nvic_disable_irq
                0x08013af8                nvic_set_pending
                0x08013b3c                nvic_clear_pending
                0x08013b7c                nvic_get_pending
                0x08013bc4                nvic_get_active
                0x08013be8                nvic_set_irq_priority
                0x08013c10                nvic_get_irq_priority
                0x08013c34                nvic_set_priority
                0x08013c5c                nvic_get_priority
 .text          0x08013c80       0x90 build/arch/port.o
                0x08013c80                port_disable_irq
                0x08013c84                port_enable_irq
                0x08013c88                port_get_irq_state
                0x08013c90                port_set_irq_state
                0x08013c98                port_in_isr
                0x08013ca4                port_yield
                0x08013cac                port_yield_from_isr
                0x08013cb4                port_start_scheduler
                0x08013cf8                port_system_reset
 .text          0x08013d10        0x4 build/arch/tick.o
                0x08013d10                kernel_tick
 .text          0x08013d14        0x4 build/platform/hardfault.o
                0x08013d14                HardFault_Handler_C
 .text          0x08013d18       0x84 build/platform/system_stm32f4xx.o
                0x08013d18                SystemInit
                0x08013d2c                SystemCoreClockUpdate
 .text          0x08013d9c       0x14 build/boards/source/board.o
                0x08013d9c                board_init
 .text          0x08013db0        0x0 build/boards/source/bsp_gpio.o
 .text          0x08013db0       0x7c build/boards/source/rcc.o
                0x08013db0                rcc_init
 .text          0x08013e2c       0x40 build/boards/source/scb.o
                0x08013e2c                scb_init
 .text          0x08013e6c      0x104 build/boards/source/systick.o
                0x08013e6c                systick_disable
                0x08013e80                systick_clear_pending
                0x08013e90                systick_max_suppressed_ticks
                0x08013e98                systick_start_oneshot
                0x08013ef4                systick_elapsed_ticks
                0x08013f20                systick_init
 .text          0x08013f70       0x70 build/arch/context_switch.o
                0x08013f70                PendSV_Handler
                0x08013fb4                SVC_Handler
 .text          0x08013fe0        0x0 build/platform/startup.o
 *(.rodata .rodata*)
 .rodata.str1.4
                0x08013fe0      0xc8c build/app/app_global.o
                                0x329 (size before relaxing)
 .rodata        0x08014c6c        0xc build/app/app_global.o
 .rodata.str1.4
                0x08014c78       0x78 build/app/tasks/sensor.o
 .rodata        0x08014c78       0x10 build/app/tasks/sensor.o
 .rodata.str1.4
                0x08014c88      0x3bb build/app/tasks/shell.o
 .rodata.str1.4
                0x08014c88       0xb6 build/kernel/source/heap.o
 .rodata.str1.4
                0x08014c88       0xa3 build/kernel/source/kernel.o
 .rodata.str1.4
                0x08014c88      0x146 build/kernel/source/os_trace.o
 .rodata        0x08014c88       0x48 build/kernel/source/os_trace.o
 .rodata.str1.4
                0x08014cd0       0x93 build/kernel/source/runtime_stats.o
 .rodata.str1.4
                0x08014cd0      0x1ff build/kernel/source/task.o
 .rodata.str1.4
                0x08014cd0       0x3d build/kernel/source/utils.o
 .rodata        0x08014cd0       0x1c build/kernel/source/utils.o
 .rodata        0x08014cec       0x48 build/arch/mpu.o
                0x08014cec                static_regions
 .rodata.str1.4
                0x08014d34       0x20 build/arch/port.o
 .rodata        0x08014d34       0x18 build/platform/system_stm32f4xx.o
                0x08014d34                AHBPrescTable
                0x08014d44                APBPrescTable
                0x08015044                        . = ALIGN (0x4)
                0x08000260                        _sidata = LOADADDR (.kernel_data)
                0x08014d4c                        _siuserdata = LOADADDR (.user_data)
                0x08000294                        _siccmram = LOADADDR (.ccmram)

.glue_7         0x08014d4c        0x0
 .glue_7        0x08014d4c        0x0 linker stubs

.glue_7t        0x08014d4c        0x0
 .glue_7t       0x08014d4c        0x0 linker stubs

.vfp11_veneer   0x08014d4c        0x0
 .vfp11_veneer  0x08014d4c        0x0 linker stubs

.v4_bx          0x08014d4c        0x0
 .v4_bx         0x08014d4c        0x0 linker stubs

.iplt           0x08014d4c        0x0
 .iplt          0x08014d4c        0x0 build/app/app_global.o

.igot.plt       0x08014d4c        0x0
 .igot.plt      0x08014d4c        0x0 build/app/app_global.o

.rel.dyn        0x08014d4c        0x0
 .rel.iplt      0x08014d4c        0x0 build/app/app_global.o

.kernel_data    0x20000000       0x34 load address 0x08000260
                0x20000000                        . = ALIGN (0x4)
                0x20000000                        _sdata = .
 *(.kernel_data .kernel_data*)
 *(.data .data*)
 .data          0x20000000       0x24 build/app/app_global.o
 .data          0x20000024        0x0 build/app/main.o
 .data          0x20000024        0x0 build/app/rtos_tests.o
 .data          0x20000024        0x0 build/app/tasks/gpio.o
 .data          0x20000024        0xc build/app/tasks/sensor.o
 .data          0x20000030        0x0 build/app/tasks/shell.o
 .data          0x20000030        0x0 build/drivers/driver_gpio.o
 .data          0x20000030        0x0 build/drivers/uart.o
 .data          0x20000030        0x0 build/hal/hal_gpio.o
 .data          0x20000030        0x0 build/kernel/source/critical.o
 .data          0x20000030        0x0 build/kernel/source/event_group.o
 .data          0x20000030        0x0 build/kernel/source/heap.o
 .data          0x20000030        0x0 build/kernel/source/ipc.o
 .data          0x20000030        0x0 build/kernel/source/kernel.o
 .data          0x20000030        0x0 build/kernel/source/list.o
 .data          0x20000030        0x0 build/kernel/source/low_power.o
 .data          0x20000030        0x0 build/kernel/source/os_trace.o
 .data          0x20000030        0x0 build/kernel/source/queue.o
 .data          0x20000030        0x0 build/kernel/source/runtime_stats.o
 .data          0x20000030        0x0 build/kernel/source/scheduler.o
 .data          0x20000030        0x0 build/kernel/source/sync.o
 .data          0x20000030        0x0 build/kernel/source/task.o
 .data          0x20000030        0x0 build/kernel/source/timer.o
 .data          0x20000030        0x0 build/kernel/source/utils.o
 .data          0x20000030        0x0 build/arch/isr.o
 .data          0x20000030        0x0 build/arch/mpu.o
 .data          0x20000030        0x0 build/arch/nvic.o
 .data          0x20000030        0x0 build/arch/port.o
 .data          0x20000030        0x0 build/arch/tick.o
 .data          0x20000030        0x0 build/platform/hardfault.o
 .data          0x20000030        0x4 build/platform/system_stm32f4xx.o
                0x20000030                SystemCoreClock
 .data          0x20000034        0x0 build/boards/source/board.o
 .data          0x20000034        0x0 build/boards/source/bsp_gpio.o
 .data          0x20000034        0x0 build/boards/source/rcc.o
 .data          0x20000034        0x0 build/boards/source/scb.o
 .data          0x20000034        0x0 build/boards/source/systick.o
 .data          0x20000034        0x0 build/arch/context_switch.o
 .data          0x20000034        0x0 build/platform/startup.o
                0x20000034                        . = ALIGN (0x4)
                0x20000034                        _edata = .

.user_data      0x20008000        0x0 load address 0x08014d4c
                0x20008000                        . = ALIGN (0x4)
                0x20008000                        _suserdata = .
 *(.user_data .user_data*)
                0x20008000                        . = ALIGN (0x4)
                0x20008000                        _euserdata = .

.ccmram         0x10000000        0x0 load address 0x08000294
                0x10000000                        . = ALIGN (0x4)
                0x10000000                        _sccmram = .
 *(.ccmram .ccmram*)
                0x10000000                        . = ALIGN (0x4)
                0x10000000                        _eccmram = .

.kernel_bss     0x20000038      0x8dc
                0x20000038                        . = ALIGN (0x4)
                0x20000038                        _sbss = .
 *(.kernel_bss .kernel_bss*)
 *(.bss .bss*)
 .bss           0x20000038       0x74 build/app/app_global.o
                0x20000038                app_mutex
                0x20000058                temp_queue
 .bss           0x200000ac        0x0 build/app/main.o
 .bss           0x200000ac        0x0 build/app/rtos_tests.o
 .bss           0x200000ac        0x0 build/app/tasks/gpio.o
 .bss           0x200000ac        0x0 build/app/tasks/sensor.o
 .bss           0x200000ac        0x0 build/app/tasks/shell.o
 .bss           0x200000ac        0x0 build/drivers/driver_gpio.o
 .bss           0x200000ac       0xb8 build/drivers/uart.o
                0x200000ac                uart_rx_semaphore
                0x200000bc                uart_tx_mutex
 .bss           0x20000164        0x0 build/hal/hal_gpio.o
 .bss           0x20000164        0x0 build/kernel/source/critical.o
 .bss           0x20000164        0x0 build/kernel/source/event_group.o
 .bss           0x20000164       0x24 build/kernel/source/heap.o
 .bss           0x20000188        0x0 build/kernel/source/ipc.o
 .bss           0x20000188       0x84 build/kernel/source/kernel.o
                0x20000188                log_head
                0x20000189                log_tail
                0x2000018c                log_buffer
 .bss           0x2000020c        0x0 build/kernel/source/list.o
 .bss           0x2000020c        0x0 build/kernel/source/low_power.o
 .bss           0x2000020c      0x28c build/kernel/source/os_trace.o
 .bss           0x20000498        0x0 build/kernel/source/queue.o
 .bss           0x20000498        0x4 build/kernel/source/runtime_stats.o
 .bss           0x2000049c       0x51 build/kernel/source/scheduler.o
                0x2000049c                ready_list
                0x200004dc                top_ready_priority_bitmap
                0x200004e0                current_tcb
                0x200004e4                next_tcb
 .bss           0x200004ed        0x0 build/kernel/source/sync.o
 *fill*         0x200004ed        0x3 
 .bss           0x200004f0      0x40c build/kernel/source/task.o
                0x200004f0                tcb_table
 .bss           0x200008fc       0x14 build/kernel/source/timer.o
                0x20000904                os_tick_count
 .bss           0x20000910        0x0 build/kernel/source/utils.o
 .bss           0x20000910        0x0 build/arch/isr.o
 .bss           0x20000910        0x1 build/arch/mpu.o
 .bss           0x20000911        0x0 build/arch/nvic.o
 .bss           0x20000911        0x0 build/arch/port.o
 .bss           0x20000911        0x0 build/arch/tick.o
 .bss           0x20000911        0x0 build/platform/hardfault.o
 .bss           0x20000911        0x0 build/platform/system_stm32f4xx.o
 .bss           0x20000911        0x0 build/boards/source/board.o
 .bss           0x20000911        0x0 build/boards/source/bsp_gpio.o
 .bss           0x20000911        0x0 build/boards/source/rcc.o
 .bss           0x20000911        0x0 build/boards/source/scb.o
 .bss           0x20000911        0x0 build/boards/source/systick.o
 .bss           0x20000911        0x0 build/arch/context_switch.o
 .bss           0x20000911        0x0 build/platform/startup.o
 *(COMMON)
                0x20000914                        . = ALIGN (0x4)
 *fill*         0x20000911        0x3 
                0x20000914                        _ebss = .

.user_bss       0x20008000        0x0
                0x20008000                        . = ALIGN (0x4)
                0x20008000                        _suserbss = .
 *(.user_bss .user_bss*)
                0x20008000                        . = ALIGN (0x4)
                0x20008000                        _euserbss = .
                0x20000914                        PROVIDE (_end = _ebss)

.kernel_heap_stack
                0x20000914      0x604
                0x20000918                        . = ALIGN (0x8)
 *fill*         0x20000914        0x4 
                0x20000918                        _heap_start = .
                0x20000b18                        . = (. + _Min_Heap_Size)
 *fill*         0x20000918      0x200 
                0x20000b18                        _heap_end = .
                0x20000b18                        _stack_end = .
                0x20000f18                        . = (. + _Min_Stack_Size)
 *fill*         0x20000b18      0x400 
                0x20000f18                        . = ALIGN (0x8)
                0x00000001                        ASSERT (((ORIGIN (KERNEL_RAM) + LENGTH (KERNEL_RAM)) >= _estack), ERROR: KERNEL_RAM overflow — reduce data/bss or increase LENGTH)
                0x00000001                        ASSERT (((ORIGIN (USER_RAM) + LENGTH (USER_RAM)) >= _euserbss), ERROR: USER_RAM overflow — reduce user data/bss or increase LENGTH)
                0x00000001                        ASSERT (((ORIGIN (CCMRAM) + LENGTH (CCMRAM)) >= _eccmram), ERROR: CCMRAM overflow)
                0x00000001                        ASSERT (((ORIGIN (KERNEL_FLASH) + LENGTH (KERNEL_FLASH)) >= LOADADDR (.user_text)), ERROR: KERNEL_FLASH overflow — kernel code/data too large)
OUTPUT(build/myos.elf elf32-littlearm)
LOAD linker stubs

.debug_info     0x00000000    0x10383
 .debug_info    0x00000000     0x1ddd build/app/app_global.o
 .debug_info    0x00001ddd       0xd4 build/app/main.o
 .debug_info    0x00001eb1       0x80 build/app/rtos_tests.o
 .debug_info    0x00001f31       0xcd build/app/tasks/gpio.o
 .debug_info    0x00001ffe      0x839 build/app/tasks/sensor.o
 .debug_info    0x00002837      0x851 build/app/tasks/shell.o
 .debug_info    0x00003088      0x38c build/drivers/driver_gpio.o
 .debug_info    0x00003414      0xa3f build/drivers/uart.o
 .debug_info    0x00003e53      0x23a build/hal/hal_gpio.o
 .debug_info    0x0000408d      0x11e build/kernel/source/critical.o
 .debug_info    0x000041ab      0xa81 build/kernel/source/event_group.o
 .debug_info    0x00004c2c      0x968 build/kernel/source/heap.o
 .debug_info    0x00005594     0x17f7 build/kernel/source/ipc.o
 .debug_info    0x00006d8b      0x723 build/kernel/source/kernel.o
 .debug_info    0x000074ae      0x206 build/kernel/source/list.o
 .debug_info    0x000076b4      0x7a3 build/kernel/source/low_power.o
 .debug_info    0x00007e57      0x590 build/kernel/source/os_trace.o
 .debug_info    0x000083e7      0x5d3 build/kernel/source/queue.o
 .debug_info    0x000089ba      0x9e2 build/kernel/source/runtime_stats.o
 .debug_info    0x0000939c      0xa38 build/kernel/source/scheduler.o
 .debug_info    0x00009dd4     0x1590 build/kernel/source/sync.o
 .debug_info    0x0000b364     0x24ac build/kernel/source/task.o
 .debug_info    0x0000d810      0xcaf build/kernel/source/timer.o
 .debug_info    0x0000e4bf      0x17a build/kernel/source/utils.o
 .debug_info    0x0000e639       0x4b build/arch/isr.o
 .debug_info    0x0000e684      0x72b build/arch/mpu.o
 .debug_info    0x0000edaf      0x58d build/arch/nvic.o
 .debug_info    0x0000f33c      0x576 build/arch/port.o
 .debug_info    0x0000f8b2       0x91 build/arch/tick.o
 .debug_info    0x0000f943       0x39 build/platform/hardfault.o
 .debug_info    0x0000f97c      0x506 build/platform/system_stm32f4xx.o
 .debug_info    0x0000fe82       0xb0 build/boards/source/board.o
 .debug_info    0x0000ff32       0x65 build/boards/source/bsp_gpio.o
 .debug_info    0x0000ff97       0xa0 build/boards/source/rcc.o
 .debug_info    0x00010037       0x98 build/boards/source/scb.o
 .debug_info    0x000100cf      0x247 build/boards/source/systick.o
 .debug_info    0x00010316       0x24 build/arch/context_switch.o
 .debug_info    0x0001033a       0x49 build/platform/startup.o

.debug_abbrev   0x00000000     0x416a
 .debug_abbrev  0x00000000      0x354 build/app/app_global.o
 .debug_abbrev  0x00000354       0x62 build/app/main.o
 .debug_abbrev  0x000003b6       0x43 build/app/rtos_tests.o
 .debug_abbrev  0x000003f9       0x9e build/app/tasks/gpio.o
 .debug_abbrev  0x00000497      0x1dd build/app/tasks/sensor.o
 .debug_abbrev  0x00000674      0x1a6 build/app/tasks/shell.o
 .debug_abbrev  0x0000081a      0x145 build/drivers/driver_gpio.o
 .debug_abbrev  0x0000095f      0x2fa build/drivers/uart.o
 .debug_abbrev  0x00000c59      0x138 build/hal/hal_gpio.o
 .debug_abbrev  0x00000d91       0xf9 build/kernel/source/critical.o
 .debug_abbrev  0x00000e8a      0x29b build/kernel/source/event_group.o
 .debug_abbrev  0x00001125      0x3b6 build/kernel/source/heap.o
 .debug_abbrev  0x000014db      0x426 build/kernel/source/ipc.o
 .debug_abbrev  0x00001901      0x212 build/kernel/source/kernel.o
 .debug_abbrev  0x00001b13      0x147 build/kernel/source/list.o
 .debug_abbrev  0x00001c5a      0x25e build/kernel/source/low_power.o
 .debug_abbrev  0x00001eb8      0x22c build/kernel/source/os_trace.o
 .debug_abbrev  0x000020e4      0x1a1 build/kernel/source/queue.o
 .debug_abbrev  0x00002285      0x2d5 build/kernel/source/runtime_stats.o
 .debug_abbrev  0x0000255a      0x2e1 build/kernel/source/scheduler.o
 .debug_abbrev  0x0000283b      0x44b build/kernel/source/sync.o
 .debug_abbrev  0x00002c86      0x51a build/kernel/source/task.o
 .debug_abbrev  0x000031a0      0x360 build/kernel/source/timer.o
 .debug_abbrev  0x00003500       0xc8 build/kernel/source/utils.o
 .debug_abbrev  0x000035c8       0x4c build/arch/isr.o
 .debug_abbrev  0x00003614      0x2a4 build/arch/mpu.o
 .debug_abbrev  0x000038b8      0x1ea build/arch/nvic.o
 .debug_abbrev  0x00003aa2      0x264 build/arch/port.o
 .debug_abbrev  0x00003d06       0x62 build/arch/tick.o
 .debug_abbrev  0x00003d68       0x2d build/platform/hardfault.o
 .debug_abbrev  0x00003d95      0x11f build/platform/system_stm32f4xx.o
 .debug_abbrev  0x00003eb4       0x6c build/boards/source/board.o
 .debug_abbrev  0x00003f20       0x26 build/boards/source/bsp_gpio.o
 .debug_abbrev  0x00003f46       0x66 build/boards/source/rcc.o
 .debug_abbrev  0x00003fac       0x65 build/boards/source/scb.o
 .debug_abbrev  0x00004011      0x11f build/boards/source/systick.o
 .debug_abbrev  0x00004130       0x14 build/arch/context_switch.o
 .debug_abbrev  0x00004144       0x26 build/platform/startup.o

.debug_loclists
                0x00000000     0x680d
 .debug_loclists
                0x00000000      0x6c1 build/app/app_global.o
 .debug_loclists
                0x000006c1      0x107 build/app/tasks/sensor.o
 .debug_loclists
                0x000007c8      0x130 build/app/tasks/shell.o
 .debug_loclists
                0x000008f8       0x72 build/drivers/driver_gpio.o
 .debug_loclists
                0x0000096a      0x333 build/drivers/uart.o
 .debug_loclists
                0x00000c9d       0x2b build/hal/hal_gpio.o
 .debug_loclists
                0x00000cc8       0x33 build/kernel/source/critical.o
 .debug_loclists
                0x00000cfb      0x5cf build/kernel/source/event_group.o
 .debug_loclists
                0x000012ca      0x556 build/kernel/source/heap.o
 .debug_loclists
                0x00001820      0xdbd build/kernel/source/ipc.o
 .debug_loclists
                0x000025dd       0x74 build/kernel/source/kernel.o
 .debug_loclists
                0x00002651       0xa0 build/kernel/source/list.o
 .debug_loclists
                0x000026f1      0x113 build/kernel/source/low_power.o
 .debug_loclists
                0x00002804      0x1fc build/kernel/source/os_trace.o
 .debug_loclists
                0x00002a00       0xea build/kernel/source/queue.o
 .debug_loclists
                0x00002aea      0x3c3 build/kernel/source/runtime_stats.o
 .debug_loclists
                0x00002ead      0x1f5 build/kernel/source/scheduler.o
 .debug_loclists
                0x000030a2      0xc17 build/kernel/source/sync.o
 .debug_loclists
                0x00003cb9     0x1c88 build/kernel/source/task.o
 .debug_loclists
                0x00005941      0x3e2 build/kernel/source/timer.o
 .debug_loclists
                0x00005d23      0x133 build/kernel/source/utils.o
 .debug_loclists
                0x00005e56      0x28c build/arch/mpu.o
 .debug_loclists
                0x000060e2      0x546 build/arch/nvic.o
 .debug_loclists
                0x00006628       0x3c build/arch/port.o
 .debug_loclists
                0x00006664       0x6a build/platform/system_stm32f4xx.o
 .debug_loclists
                0x000066ce       0x31 build/boards/source/rcc.o
 .debug_loclists
                0x000066ff      0x10e build/boards/source/systick.o

.debug_aranges  0x00000000      0x4c0
 .debug_aranges
                0x00000000       0x20 build/app/app_global.o
 .debug_aranges
                0x00000020       0x20 build/app/main.o
 .debug_aranges
                0x00000040       0x20 build/app/rtos_tests.o
 .debug_aranges
                0x00000060       0x20 build/app/tasks/gpio.o
 .debug_aranges
                0x00000080       0x20 build/app/tasks/sensor.o
 .debug_aranges
                0x000000a0       0x20 build/app/tasks/shell.o
 .debug_aranges
                0x000000c0       0x20 build/drivers/driver_gpio.o
 .debug_aranges
                0x000000e0       0x20 build/drivers/uart.o
 .debug_aranges
                0x00000100       0x20 build/hal/hal_gpio.o
 .debug_aranges
                0x00000120       0x20 build/kernel/source/critical.o
 .debug_aranges
                0x00000140       0x20 build/kernel/source/event_group.o
 .debug_aranges
                0x00000160       0x20 build/kernel/source/heap.o
 .debug_aranges
                0x00000180       0x20 build/kernel/source/ipc.o
 .debug_aranges
                0x000001a0       0x20 build/kernel/source/kernel.o
 .debug_aranges
                0x000001c0       0x20 build/kernel/source/list.o
 .debug_aranges
                0x000001e0       0x20 build/kernel/source/low_power.o
 .debug_aranges
                0x00000200       0x20 build/kernel/source/os_trace.o
 .debug_aranges
                0x00000220       0x20 build/kernel/source/queue.o
 .debug_aranges
                0x00000240       0x20 build/kernel/source/runtime_stats.o
 .debug_aranges
                0x00000260       0x20 build/kernel/source/scheduler.o
 .debug_aranges
                0x00000280       0x20 build/kernel/source/sync.o
 .debug_aranges
                0x000002a0       0x20 build/kernel/source/task.o
 .debug_aranges
                0x000002c0       0x20 build/kernel/source/timer.o
 .debug_aranges
                0x000002e0       0x20 build/kernel/source/utils.o
 .debug_aranges
                0x00000300       0x20 build/arch/isr.o
 .debug_aranges
                0x00000320       0x20 build/arch/mpu.o
 .debug_aranges
                0x00000340       0x20 build/arch/nvic.o
 .debug_aranges
                0x00000360       0x20 build/arch/port.o
 .debug_aranges
                0x00000380       0x20 build/arch/tick.o
 .debug_aranges
                0x000003a0       0x20 build/platform/hardfault.o
 .debug_aranges
                0x000003c0       0x20 build/platform/system_stm32f4xx.o
 .debug_aranges
                0x000003e0       0x20 build/boards/source/board.o
 .debug_aranges
                0x00000400       0x18 build/boards/source/bsp_gpio.o
 .debug_aranges
                0x00000418       0x20 build/boards/source/rcc.o
 .debug_aranges
                0x00000438       0x20 build/boards/source/scb.o
 .debug_aranges
                0x00000458       0x20 build/boards/source/systick.o
 .debug_aranges
                0x00000478       0x20 build/arch/context_switch.o
 .debug_aranges
                0x00000498       0x28 build/platform/startup.o

.debug_rnglists
                0x00000000      0x8cd
 .debug_rnglists
                0x00000000       0x9a build/app/app_global.o
 .debug_rnglists
                0x0000009a       0x13 build/app/main.o
 .debug_rnglists
                0x000000ad       0x35 build/app/tasks/sensor.o
 .debug_rnglists
                0x000000e2       0x17 build/app/tasks/shell.o
 .debug_rnglists
                0x000000f9       0x99 build/drivers/uart.o
 .debug_rnglists
                0x00000192       0x4b build/kernel/source/event_group.o
 .debug_rnglists
                0x000001dd       0xb3 build/kernel/source/heap.o
 .debug_rnglists
                0x00000290       0x75 build/kernel/source/ipc.o
 .debug_rnglists
                0x00000305       0x1d build/kernel/source/list.o
 .debug_rnglists
                0x00000322       0x24 build/kernel/source/low_power.o
 .debug_rnglists
                0x00000346      0x11b build/kernel/source/runtime_stats.o
 .debug_rnglists
                0x00000461       0x1e build/kernel/source/scheduler.o
 .debug_rnglists
                0x0000047f      0x117 build/kernel/source/sync.o
 .debug_rnglists
                0x00000596      0x218 build/kernel/source/task.o
 .debug_rnglists
                0x000007ae       0x3a build/kernel/source/timer.o
 .debug_rnglists
                0x000007e8       0x88 build/arch/mpu.o
 .debug_rnglists
                0x00000870       0x22 build/arch/nvic.o
 .debug_rnglists
                0x00000892       0x21 build/boards/source/systick.o
 .debug_rnglists
                0x000008b3       0x1a build/platform/startup.o

.debug_line     0x00000000     0x79e2
 .debug_line    0x00000000      0x7b4 build/app/app_global.o
 .debug_line    0x000007b4       0xb3 build/app/main.o
 .debug_line    0x00000867       0x44 build/app/rtos_tests.o
 .debug_line    0x000008ab       0xc2 build/app/tasks/gpio.o
 .debug_line    0x0000096d      0x2b0 build/app/tasks/sensor.o
 .debug_line    0x00000c1d      0x368 build/app/tasks/shell.o
 .debug_line    0x00000f85      0x121 build/drivers/driver_gpio.o
 .debug_line    0x000010a6      0x5f1 build/drivers/uart.o
 .debug_line    0x00001697       0xec build/hal/hal_gpio.o
 .debug_line    0x00001783       0xbc build/kernel/source/critical.o
 .debug_line    0x0000183f      0x4f5 build/kernel/source/event_group.o
 .debug_line    0x00001d34      0x65c build/kernel/source/heap.o
 .debug_line    0x00002390      0x94b build/kernel/source/ipc.o
 .debug_line    0x00002cdb      0x1f7 build/kernel/source/kernel.o
 .debug_line    0x00002ed2      0x1fe build/kernel/source/list.o
 .debug_line    0x000030d0      0x2b4 build/kernel/source/low_power.o
 .debug_line    0x00003384      0x296 build/kernel/source/os_trace.o
 .debug_line    0x0000361a      0x151 build/kernel/source/queue.o
 .debug_line    0x0000376b      0x4e8 build/kernel/source/runtime_stats.o
 .debug_line    0x00003c53      0x511 build/kernel/source/scheduler.o
 .debug_line    0x00004164      0xa66 build/kernel/source/sync.o
 .debug_line    0x00004bca     0x1572 build/kernel/source/task.o
 .debug_line    0x0000613c      0x568 build/kernel/source/timer.o
 .debug_line    0x000066a4      0x11d build/kernel/source/utils.o
 .debug_line    0x000067c1       0x3f build/arch/isr.o
 .debug_line    0x00006800      0x44c build/arch/mpu.o
 .debug_line    0x00006c4c      0x388 build/arch/nvic.o
 .debug_line    0x00006fd4      0x1de build/arch/port.o
 .debug_line    0x000071b2       0x5b build/arch/tick.o
 .debug_line    0x0000720d       0x4b build/platform/hardfault.o
 .debug_line    0x00007258      0x177 build/platform/system_stm32f4xx.o
 .debug_line    0x000073cf       0x9b build/boards/source/board.o
 .debug_line    0x0000746a       0x39 build/boards/source/bsp_gpio.o
 .debug_line    0x000074a3      0x127 build/boards/source/rcc.o
 .debug_line    0x000075ca       0xa3 build/boards/source/scb.o
 .debug_line    0x0000766d      0x253 build/boards/source/systick.o
 .debug_line    0x000078c0       0x70 build/arch/context_switch.o
 .debug_line    0x00007930       0xb2 build/platform/startup.o

.debug_str      0x00000000     0x25e7
 .debug_str     0x00000000     0x25e7 build/app/app_global.o
                                0x8a4 (size before relaxing)
 .debug_str     0x000025e7      0x176 build/app/main.o
 .debug_str     0x000025e7      0x150 build/app/rtos_tests.o
 .debug_str     0x000025e7      0x17f build/app/tasks/gpio.o
 .debug_str     0x000025e7      0x4b6 build/app/tasks/sensor.o
 .debug_str     0x000025e7      0x2ed build/app/tasks/shell.o
 .debug_str     0x000025e7      0x2de build/drivers/driver_gpio.o
 .debug_str     0x000025e7      0x42f build/drivers/uart.o
 .debug_str     0x000025e7      0x21b build/hal/hal_gpio.o
 .debug_str     0x000025e7      0x1b8 build/kernel/source/critical.o
 .debug_str     0x000025e7      0x664 build/kernel/source/event_group.o
 .debug_str     0x000025e7      0x500 build/kernel/source/heap.o
 .debug_str     0x000025e7      0x9fd build/kernel/source/ipc.o
 .debug_str     0x000025e7      0x52b build/kernel/source/kernel.o
 .debug_str     0x000025e7      0x171 build/kernel/source/list.o
 .debug_str     0x000025e7      0x73a build/kernel/source/low_power.o
 .debug_str     0x000025e7      0x438 build/kernel/source/os_trace.o
 .debug_str     0x000025e7      0x47d build/kernel/source/queue.o
 .debug_str     0x000025e7      0x55e build/kernel/source/runtime_stats.o
 .debug_str     0x000025e7      0x804 build/kernel/source/scheduler.o
 .debug_str     0x000025e7      0x919 build/kernel/source/sync.o
 .debug_str     0x000025e7      0xb05 build/kernel/source/task.o
 .debug_str     0x000025e7      0x86b build/kernel/source/timer.o
 .debug_str     0x000025e7      0x1db build/kernel/source/utils.o
 .debug_str     0x000025e7       0xd3 build/arch/isr.o
 .debug_str     0x000025e7      0x24c build/arch/mpu.o
 .debug_str     0x000025e7      0x28c build/arch/nvic.o
 .debug_str     0x000025e7      0x347 build/arch/port.o
 .debug_str     0x000025e7      0x15b build/arch/tick.o
 .debug_str     0x000025e7       0xd5 build/platform/hardfault.o
 .debug_str     0x000025e7      0x315 build/platform/system_stm32f4xx.o
 .debug_str     0x000025e7      0x171 build/boards/source/board.o
 .debug_str     0x000025e7      0x149 build/boards/source/bsp_gpio.o
 .debug_str     0x000025e7      0x15e build/boards/source/rcc.o
 .debug_str     0x000025e7      0x162 build/boards/source/scb.o
 .debug_str     0x000025e7      0x253 build/boards/source/systick.o
 .debug_str     0x000025e7       0x49 build/arch/context_switch.o
 .debug_str     0x000025e7       0x76 build/platform/startup.o

.comment        0x00000000       0x26
 .comment       0x00000000       0x26 build/app/app_global.o
                                 0x27 (size before relaxing)
 .comment       0x00000026       0x27 build/app/main.o
 .comment       0x00000026       0x27 build/app/rtos_tests.o
 .comment       0x00000026       0x27 build/app/tasks/gpio.o
 .comment       0x00000026       0x27 build/app/tasks/sensor.o
 .comment       0x00000026       0x27 build/app/tasks/shell.o
 .comment       0x00000026       0x27 build/drivers/driver_gpio.o
 .comment       0x00000026       0x27 build/drivers/uart.o
 .comment       0x00000026       0x27 build/hal/hal_gpio.o
 .comment       0x00000026       0x27 build/kernel/source/critical.o
 .comment       0x00000026       0x27 build/kernel/source/event_group.o
 .comment       0x00000026       0x27 build/kernel/source/heap.o
 .comment       0x00000026       0x27 build/kernel/source/ipc.o
 .comment       0x00000026       0x27 build/kernel/source/kernel.o
 .comment       0x00000026       0x27 build/kernel/source/list.o
 .comment       0x00000026       0x27 build/kernel/source/low_power.o
 .comment       0x00000026       0x27 build/kernel/source/os_trace.o
 .comment       0x00000026       0x27 build/kernel/source/queue.o
 .comment       0x00000026       0x27 build/kernel/source/runtime_stats.o
 .comment       0x00000026       0x27 build/kernel/source/scheduler.o
 .comment       0x00000026       0x27 build/kernel/source/sync.o
 .comment       0x00000026       0x27 build/kernel/source/task.o
 .comment       0x00000026       0x27 build/kernel/source/timer.o
 .comment       0x00000026       0x27 build/kernel/source/utils.o
 .comment       0x00000026       0x27 build/arch/isr.o
 .comment       0x00000026       0x27 build/arch/mpu.o
 .comment       0x00000026       0x27 build/arch/nvic.o
 .comment       0x00000026       0x27 build/arch/port.o
 .comment       0x00000026       0x27 build/arch/tick.o
 .comment       0x00000026       0x27 build/platform/hardfault.o
 .comment       0x00000026       0x27 build/platform/system_stm32f4xx.o
 .comment       0x00000026       0x27 build/boards/source/board.o
 .comment       0x00000026       0x27 build/boards/source/bsp_gpio.o
 .comment       0x00000026       0x27 build/boards/source/rcc.o
 .comment       0x00000026       0x27 build/boards/source/scb.o
 .comment       0x00000026       0x27 build/boards/source/systick.o

.ARM.attributes
                0x00000000       0x32
 .ARM.attributes
                0x00000000       0x34 build/app/app_global.o
 .ARM.attributes
                0x00000034       0x34 build/app/main.o
 .ARM.attributes
                0x00000068       0x34 build/app/rtos_tests.o
 .ARM.attributes
                0x0000009c       0x34 build/app/tasks/gpio.o
 .ARM.attributes
                0x000000d0       0x34 build/app/tasks/sensor.o
 .ARM.attributes
                0x00000104       0x34 build/app/tasks/shell.o
 .ARM.attributes
                0x00000138       0x34 build/drivers/driver_gpio.o
 .ARM.attributes
                0x0000016c       0x34 build/drivers/uart.o
 .ARM.attributes
                0x000001a0       0x34 build/hal/hal_gpio.o
 .ARM.attributes
                0x000001d4       0x34 build/kernel/source/critical.o
 .ARM.attributes
                0x00000208       0x34 build/kernel/source/event_group.o
 .ARM.attributes
                0x0000023c       0x34 build/kernel/source/heap.o
 .ARM.attributes
                0x00000270       0x34 build/kernel/source/ipc.o
 .ARM.attributes
                0x000002a4       0x34 build/kernel/source/kernel.o
 .ARM.attributes
                0x000002d8       0x34 build/kernel/source/list.o
 .ARM.attributes
                0x0000030c       0x34 build/kernel/source/low_power.o
 .ARM.attributes
                0x00000340       0x34 build/kernel/source/os_trace.o
 .ARM.attributes
                0x00000374       0x34 build/kernel/source/queue.o
 .ARM.attributes
                0x000003a8       0x34 build/kernel/source/runtime_stats.o
 .ARM.attributes
                0x000003dc       0x34 build/kernel/source/scheduler.o
 .ARM.attributes
                0x00000410       0x34 build/kernel/source/sync.o
 .ARM.attributes
                0x00000444       0x34 build/kernel/source/task.o
 .ARM.attributes
                0x00000478       0x34 build/kernel/source/timer.o
 .ARM.attributes
                0x000004ac       0x34 build/kernel/source/utils.o
 .ARM.attributes
                0x000004e0       0x34 build/arch/isr.o
 .ARM.attributes
                0x00000514       0x34 build/arch/mpu.o
 .ARM.attributes
                0x00000548       0x34 build/arch/nvic.o
 .ARM.attributes
                0x0000057c       0x34 build/arch/port.o
 .ARM.attributes
                0x000005b0       0x34 build/arch/tick.o
 .ARM.attributes
                0x000005e4       0x34 build/platform/hardfault.o
 .ARM.attributes
                0x00000618       0x34 build/platform/system_stm32f4xx.o
 .ARM.attributes
                0x0000064c       0x34 build/boards/source/board.o
 .ARM.attributes
                0x00000680       0x34 build/boards/source/bsp_gpio.o
 .ARM.attributes
                0x000006b4       0x34 build/boards/source/rcc.o
 .ARM.attributes
                0x000006e8       0x34 build/boards/source/scb.o
 .ARM.attributes
                0x0000071c       0x34 build/boards/source/systick.o
 .ARM.attributes
                0x00000750       0x25 build/arch/context_switch.o
 .ARM.attributes
                0x00000775       0x25 build/platform/startup.o

.debug_frame    0x00000000     0x19f4
 .debug_frame   0x00000000      0x1dc build/app/app_global.o
 .debug_frame   0x000001dc       0x28 build/app/main.o
 .debug_frame   0x00000204       0x20 build/app/rtos_tests.o
 .debug_frame   0x00000224       0x28 build/app/tasks/gpio.o
 .debug_frame   0x0000024c       0x5c build/app/tasks/sensor.o
 .debug_frame   0x000002a8       0x44 build/app/tasks/shell.o
 .debug_frame   0x000002ec       0x50 build/drivers/driver_gpio.o
 .debug_frame   0x0000033c      0x12c build/drivers/uart.o
 .debug_frame   0x00000468       0x40 build/hal/hal_gpio.o
 .debug_frame   0x000004a8       0x38 build/kernel/source/critical.o
 .debug_frame   0x000004e0       0xd8 build/kernel/source/event_group.o
 .debug_frame   0x000005b8      0x130 build/kernel/source/heap.o
 .debug_frame   0x000006e8      0x270 build/kernel/source/ipc.o
 .debug_frame   0x00000958       0x58 build/kernel/source/kernel.o
 .debug_frame   0x000009b0       0x70 build/kernel/source/list.o
 .debug_frame   0x00000a20       0x78 build/kernel/source/low_power.o
 .debug_frame   0x00000a98       0xa8 build/kernel/source/os_trace.o
 .debug_frame   0x00000b40       0x68 build/kernel/source/queue.o
 .debug_frame   0x00000ba8       0x88 build/kernel/source/runtime_stats.o
 .debug_frame   0x00000c30      0x164 build/kernel/source/scheduler.o
 .debug_frame   0x00000d94      0x2a0 build/kernel/source/sync.o
 .debug_frame   0x00001034      0x4b8 build/kernel/source/task.o
 .debug_frame   0x000014ec      0x178 build/kernel/source/timer.o
 .debug_frame   0x00001664       0x4c build/kernel/source/utils.o
 .debug_frame   0x000016b0       0x20 build/arch/isr.o
 .debug_frame   0x000016d0       0x74 build/arch/mpu.o
 .debug_frame   0x00001744       0xb0 build/arch/nvic.o
 .debug_frame   0x000017f4       0xa8 build/arch/port.o
 .debug_frame   0x0000189c       0x20 build/arch/tick.o
 .debug_frame   0x000018bc       0x20 build/platform/hardfault.o
 .debug_frame   0x000018dc       0x30 build/platform/system_stm32f4xx.o
 .debug_frame   0x0000190c       0x2c build/boards/source/board.o
 .debug_frame   0x00001938       0x20 build/boards/source/rcc.o
 .debug_frame   0x00001958       0x20 build/boards/source/scb.o
 .debug_frame   0x00001978       0x7c build/boards/source/systick.o

.debug_line_str
                0x00000000       0x50
 .debug_line_str
                0x00000000       0x50 build/arch/context_switch.o
                                 0x3d (size before relaxing)
 .debug_line_str
                0x00000050       0x3a build/platform/startup.o
