
There are no discarded input sections

Memory Configuration

Name             Origin             Length             Attributes
KERNEL_FLASH     0x08000000         0x00010000         xr
USER_FLASH       0x08010000         0x00070000         xr
KERNEL_RAM       0x20000000         0x00008000         xrw
USER_RAM         0x20008000         0x00014000         xrw
CCMRAM           0x10000000         0x00010000         xrw
*default*        0x00000000         0xffffffff

Linker script and memory map

LOAD build/app/app_global.o
LOAD build/app/main.o
LOAD build/app/rtos_tests.o
LOAD build/app/tasks/deadlock.o
LOAD build/app/tasks/dma.o
LOAD build/app/tasks/gpio.o
LOAD build/app/tasks/i2c.o
LOAD build/app/tasks/logger.o
LOAD build/app/tasks/sensor.o
LOAD build/app/tasks/shell.o
LOAD build/drivers/dma.o
LOAD build/drivers/driver_gpio.o
LOAD build/drivers/i2c.o
LOAD build/drivers/uart.o
LOAD build/hal/hal_dma.o
LOAD build/hal/hal_gpio.o
LOAD build/hal/hal_i2c.o
LOAD build/hal/hal_timer.o
LOAD build/hal/hal_uart.o
LOAD build/kernel/source/banker.o
LOAD build/kernel/source/critical.o
LOAD build/kernel/source/event_group.o
LOAD build/kernel/source/heap.o
LOAD build/kernel/source/ipc.o
LOAD build/kernel/source/kernel.o
LOAD build/kernel/source/list.o
LOAD build/kernel/source/low_power.o
LOAD build/kernel/source/memory_layout.o
LOAD build/kernel/source/os_trace.o
LOAD build/kernel/source/queue.o
LOAD build/kernel/source/runtime_stats.o
LOAD build/kernel/source/scheduler.o
LOAD build/kernel/source/sync.o
LOAD build/kernel/source/task.o
LOAD build/kernel/source/timer.o
LOAD build/kernel/source/utils.o
LOAD build/arch/exception.o
LOAD build/arch/isr.o
LOAD build/arch/mpu.o
LOAD build/arch/nvic.o
LOAD build/arch/port.o
LOAD build/arch/tick.o
LOAD build/platform/hardfault.o
LOAD build/platform/system_stm32f4xx.o
LOAD build/boards/source/board.o
LOAD build/boards/source/bsp_gpio.o
LOAD build/boards/source/rcc.o
LOAD build/boards/source/scb.o
LOAD build/boards/source/systick.o
LOAD build/arch/context_switch.o
LOAD build/platform/startup.o
                0x00000200                        _Min_Heap_Size = 0x200
                0x00000400                        _Min_Stack_Size = 0x400
                0x20008000                        PROVIDE (_estack = (ORIGIN (KERNEL_RAM) + LENGTH (KERNEL_RAM)))

.isr_vector     0x08000000      0x188
                0x08000000                        . = ALIGN (0x4)
 *(.isr_vector)
 .isr_vector    0x08000000      0x188 build/platform/startup.o
                0x08000000                _isr_vector
                0x08000188                        . = ALIGN (0x4)

.kernel_text    0x08000188       0xd8
                0x08000188                        . = ALIGN (0x4)
 *(.kernel_text .kernel_text*)
 .kernel_text   0x08000188       0xd4 build/platform/startup.o
                0x08000188                Reset_Handler
                0x08000204                HardFault_Handler
 .kernel_text.Default_Handler
                0x0800025c        0x4 build/platform/startup.o
                0x0800025c                RTC_WKUP_Handler
                0x0800025c                FLASH_Handler
                0x0800025c                DebugMon_Handler
                0x0800025c                DMA2_Stream7_Handler
                0x0800025c                OTG_HS_Handler
                0x0800025c                DMA2_Stream3_Handler
                0x0800025c                USART3_Handler
                0x0800025c                NMI_Handler
                0x0800025c                TIM6_DAC_Handler
                0x0800025c                CAN1_RX1_Handler
                0x0800025c                EXTI15_10_Handler
                0x0800025c                ADC_Handler
                0x0800025c                HASH_RNG_Handler
                0x0800025c                I2C1_EV_Handler
                0x0800025c                TAMP_STAMP_Handler
                0x0800025c                I2C3_ER_Handler
                0x0800025c                WWDG_Handler
                0x0800025c                EXTI4_Handler
                0x0800025c                I2C3_EV_Handler
                0x0800025c                DMA1_Stream1_Handler
                0x0800025c                DMA2_Stream4_Handler
                0x0800025c                DMA1_Stream7_Handler
                0x0800025c                OTG_FS_Handler
                0x0800025c                ETH_WKUP_Handler
                0x0800025c                TIM1_BRK_TIM9_Handler
                0x0800025c                I2C1_ER_Handler
                0x0800025c                DMA1_Stream3_Handler
                0x0800025c                UsageFault_Handler
                0x0800025c                TIM1_UP_TIM10_Handler
                0x0800025c                CAN1_RX0_Handler
                0x0800025c                TIM1_CC_Handler
                0x0800025c                I2C2_ER_Handler
                0x0800025c                USART6_Handler
                0x0800025c                TIM8_CC_Handler
                0x0800025c                CAN1_SCE_Handler
                0x0800025c                DMA1_Stream0_Handler
                0x0800025c                OTG_HS_EP1_OUT_Handler
                0x0800025c                FSMC_Handler
                0x0800025c                EXTI1_Handler
                0x0800025c                EXTI3_Handler
                0x0800025c                CRYP_Handler
                0x0800025c                EXTI2_Handler
                0x0800025c                UART4_Handler
                0x0800025c                CAN2_RX1_Handler
                0x0800025c                EXTI9_5_Handler
                0x0800025c                TIM2_Handler
                0x0800025c                CAN2_SCE_Handler
                0x0800025c                TIM3_Handler
                0x0800025c                DMA2_Stream6_Handler
                0x0800025c                Default_Handler
                0x0800025c                DCMI_Handler
                0x0800025c                TIM1_TRG_COM_TIM11_Handler
                0x0800025c                RTC_Alarm_Handler
                0x0800025c                TIM4_Handler
                0x0800025c                TIM8_UP_TIM13_Handler
                0x0800025c                CAN2_TX_Handler
                0x0800025c                SPI2_Handler
                0x0800025c                DMA2_Stream1_Handler
                0x0800025c                DMA1_Stream2_Handler
                0x0800025c                MemManage_Handler
                0x0800025c                EXTI0_Handler
                0x0800025c                TIM8_BRK_TIM12_Handler
                0x0800025c                CAN2_RX0_Handler
                0x0800025c                DMA2_Stream5_Handler
                0x0800025c                DMA1_Stream6_Handler
                0x0800025c                SDIO_Handler
                0x0800025c                USART2_Handler
                0x0800025c                ETH_Handler
                0x0800025c                SPI1_Handler
                0x0800025c                I2C2_EV_Handler
                0x0800025c                DMA2_Stream2_Handler
                0x0800025c                SPI3_Handler
                0x0800025c                DMA2_Stream0_Handler
                0x0800025c                RCC_Handler
                0x0800025c                PVD_Handler
                0x0800025c                UART5_Handler
                0x0800025c                DMA1_Stream5_Handler
                0x0800025c                TIM5_Handler
                0x0800025c                TIM7_Handler
                0x0800025c                TIM8_TRG_COM_TIM14_Handler
                0x0800025c                CAN1_TX_Handler
                0x0800025c                FPU_Handler
                0x0800025c                BusFault_Handler
                0x0800025c                DMA1_Stream4_Handler
                0x0800025c                OTG_HS_WKUP_Handler
                0x0800025c                OTG_FS_WKUP_Handler
                0x0800025c                OTG_HS_EP1_IN_Handler
 *(.kernel_rodata .kernel_rodata*)
                0x08000260                        . = ALIGN (0x4)

.ARM.extab
 *(.ARM.extab* .gnu.linkonce.armextab.*)

.ARM            0x08000260        0x0
                0x08000260                        __exidx_start = .
 *(.ARM.exidx*)
                0x08000260                        __exidx_end = .

.preinit_array  0x08000260        0x0
                [!provide]                        PROVIDE (__preinit_array_start = .)
 *(.preinit_array*)
                [!provide]                        PROVIDE (__preinit_array_end = .)

.init_array     0x08000260        0x0
                0x08000260                        PROVIDE (__init_array_start = .)
 *(SORT_BY_NAME(.init_array.*))
 *(.init_array*)
                0x08000260                        PROVIDE (__init_array_end = .)

.fini_array     0x08000260        0x0
                [!provide]                        PROVIDE (__fini_array_start = .)
 *(SORT_BY_NAME(.fini_array.*))
 *(.fini_array*)
                [!provide]                        PROVIDE (__fini_array_end = .)

.user_text      0x08010000     0x52f0
                0x08010000                        . = ALIGN (0x4)
 *(.user_text .user_text*)
 *(.text .text*)
 .text          0x08010000      0x5a8 build/app/app_global.o
                0x08010000                app_temp_zone_str
                0x08010018                app_print_line
                0x08010048                app_print_task_table
                0x08010110                app_print_system_status
                0x080102d0                service_init
                0x08010364                app_init
 .text          0x080105a8        0x0 build/app/main.o
 .text.startup  0x080105a8       0x18 build/app/main.o
                0x080105a8                main
 .text          0x080105c0        0x4 build/app/rtos_tests.o
                0x080105c0                rtos_test_init
 .text          0x080105c4      0x1a0 build/app/tasks/deadlock.o
                0x080105c4                task_temp_storage
                0x080106b0                task_health_monitor
                0x08010734                task_resource_user_a
                0x0801073c                task_resource_user_b
                0x08010744                task_deadlock_1
                0x0801074c                task_deadlock_2
                0x08010754                task_banker1
                0x0801075c                task_banker2
 .text          0x08010764       0x70 build/app/tasks/dma.o
                0x08010764                task_dma_test
 .text          0x080107d4       0x24 build/app/tasks/gpio.o
                0x080107d4                task_gpio_blink
 .text          0x080107f8       0x34 build/app/tasks/i2c.o
                0x080107f8                task_i2c_scanner
 .text          0x0801082c       0xb4 build/app/tasks/logger.o
                0x0801082c                task_temp_logger
                0x080108d8                task_logger
 .text          0x080108e0      0x3c4 build/app/tasks/sensor.o
                0x080108e0                task_temp_sampler
                0x080109a8                task_temp_filter
                0x08010a58                task_temp_controller
                0x08010af8                task_temp_display
                0x08010be8                task_temp_alarm
 .text          0x08010ca4      0x2d4 build/app/tasks/shell.o
                0x08010cd4                task_shell
 .text          0x08010f78       0x24 build/drivers/dma.o
                0x08010f78                dma_init
                0x08010f7c                dma_memcpy
 .text          0x08010f9c       0x64 build/drivers/driver_gpio.o
                0x08010f9c                gpio_driver_init_output
                0x08010fd0                gpio_driver_write
                0x08010fe8                gpio_driver_read
                0x08010ff4                gpio_driver_toggle
 .text          0x08011000       0x50 build/drivers/i2c.o
                0x08011000                i2c_init
                0x0801100c                i2c_write_byte
                0x0801102c                i2c_read_byte
 .text          0x08011050      0x2c8 build/drivers/uart.o
                0x08011050                uart_init
                0x080110d8                uart_putc_raw
                0x080110e8                uart_putc
                0x08011110                uart_print
                0x08011154                uart_getc
                0x0801118c                USART1_Handler
                0x080111d0                _write
                0x0801121c                uart_print_hex
                0x08011258                uart_print_dec
                0x080112d8                uart_print_hex32
 .text          0x08011318        0x0 build/hal/hal_dma.o
 .text          0x08011318       0x28 build/hal/hal_gpio.o
                0x08011318                hal_led_init
                0x08011324                hal_led_write
                0x08011334                hal_led_toggle
 .text          0x08011340        0x0 build/hal/hal_i2c.o
 .text          0x08011340        0x0 build/hal/hal_timer.o
 .text          0x08011340        0x0 build/hal/hal_uart.o
 .text          0x08011340      0x2a0 build/kernel/source/banker.o
                0x08011340                banker_init
                0x08011354                request_resources
                0x08011518                release_resources
                0x080115a4                banker_release_all
 .text          0x080115e0       0x14 build/kernel/source/critical.o
                0x080115e0                os_enter_critical
                0x080115f0                os_exit_critical
 .text          0x080115f4      0x22c build/kernel/source/event_group.o
                0x0801167c                event_group_init
                0x0801168c                event_group_get_bits
                0x080116a0                event_group_set_bits
                0x080116d4                event_group_set_bits_from_isr
                0x08011708                event_group_clear_bits
                0x0801172c                event_group_wait_bits
 .text          0x08011820      0x364 build/kernel/source/heap.o
                0x08011878                memory_init
                0x080118f0                os_malloc
                0x080119c0                os_free
                0x08011af0                os_get_free_heap_size
                0x08011afc                os_get_minimum_ever_free_heap_size
                0x08011b08                os_get_largest_free_block
                0x08011b14                os_get_heap_fragmentation_percent
                0x08011b30                os_get_heap_stats
                0x08011b6c                get_free_heap_size
                0x08011b78                get_minimum_ever_free_heap_size
 .text          0x08011b84      0x458 build/kernel/source/ipc.o
                0x08011cd0                msg_queue_init
                0x08011d38                msg_queue_send_timeout
                0x08011d3c                msg_queue_send_to_back_timeout
                0x08011d40                msg_queue_send_to_front_timeout
                0x08011d44                msg_queue_send
                0x08011d4c                msg_queue_send_to_back
                0x08011d54                msg_queue_send_to_front
                0x08011d5c                msg_queue_receive_timeout
                0x08011e24                msg_queue_receive
                0x08011e2c                msg_queue_send_from_isr
                0x08011e30                msg_queue_send_to_back_from_isr
                0x08011e34                msg_queue_send_to_front_from_isr
                0x08011e38                msg_queue_receive_from_isr
                0x08011ec4                msg_buffer_alloc
                0x08011eec                msg_buffer_release
                0x08011f04                msg_queue_send_buffer_timeout
                0x08011f3c                msg_queue_receive_buffer_timeout
                0x08011f70                msg_queue_send_buffer_from_isr
                0x08011fa8                msg_queue_receive_buffer_from_isr
 .text          0x08011fdc      0x10c build/kernel/source/kernel.o
                0x08011fdc                push_sched_log
                0x0801200c                kernel_panic
                0x08012088                kernel_init
 .text          0x080120e8       0x9c build/kernel/source/list.o
                0x080120e8                list_init
                0x080120f4                list_node_init
                0x08012100                list_is_empty
                0x08012110                list_push_back
                0x08012128                list_pop_front
                0x08012150                list_remove
 .text          0x08012184      0x130 build/kernel/source/low_power.o
                0x080121d4                os_low_power_can_sleep
                0x080121d8                os_low_power_try_sleep
 .text          0x080122b4        0x0 build/kernel/source/memory_layout.o
 .text          0x080122b4      0x1a0 build/kernel/source/os_trace.o
                0x080122b4                os_trace_init
                0x080122c4                os_trace_record
                0x08012340                os_trace_clear
                0x0801235c                os_trace_dump
 .text          0x08012454       0x2c build/kernel/source/queue.o
                0x08012454                queue_init
                0x08012458                queue_enqueue
                0x08012464                queue_dequeue
                0x08012470                queue_remove
                0x0801247c                queue_is_empty
 .text          0x08012480      0x2d8 build/kernel/source/runtime_stats.o
                0x08012480                runtime_stats_init
                0x0801248c                runtime_stats_counter
                0x080124c8                runtime_stats_task_switched_in
                0x0801250c                runtime_stats_task_switched_out
                0x08012568                runtime_stats_print
 .text          0x08012758      0x2d0 build/kernel/source/scheduler.o
                0x08012758                scheduler_init_queues
                0x08012780                scheduler_lock
                0x080127a0                add_task_to_ready_queue
                0x080127ec                remove_task_from_ready_queue
                0x08012828                get_highest_priority_ready_task
                0x0801286c                os_schedule
                0x0801291c                scheduler_unlock
                0x08012964                scheduler_yield_if_needed
                0x0801299c                scheduler_tick
                0x080129d8                os_start
 .text          0x08012a28      0x5ec build/kernel/source/sync.o
                0x08012d68                sem_init
                0x08012d84                sem_init_counting
                0x08012da8                binary_sem_init
                0x08012dc0                sem_wait_timeout
                0x08012e24                sem_wait
                0x08012e2c                sem_signal
                0x08012ea8                sem_signal_from_isr
                0x08012f24                sem_get_count
                0x08012f40                mutex_init
                0x08012f64                mutex_lock_timeout
                0x08012f88                mutex_lock
                0x08012fa4                mutex_unlock
                0x08012fbc                recursive_mutex_lock_timeout
                0x08012fe0                recursive_mutex_lock
                0x08012ffc                recursive_mutex_unlock
 *fill*         0x08013014        0x4 
 .text          0x08013018      0xc44 build/kernel/source/task.o
                0x08013474                task_init
                0x08013510                task_create_with_stack
                0x080135ac                task_create
                0x080135b8                task_kill
                0x080136cc                task_exit
                0x080136e0                task_suspend
                0x0801377c                task_resume
                0x080137c8                task_set_mpu_extra
                0x0801382c                task_clear_mpu_extra
                0x08013850                task_yield
                0x08013854                task_delay
                0x08013858                task_block_current_on
                0x080138f4                task_wake_one
                0x0801394c                task_process_timeouts
                0x080139b4                task_get_stack_high_water_mark
                0x080139ec                vApplicationStackOverflowHook
                0x08013a1c                task_check_stack
                0x08013a94                task_check_all_stacks
                0x08013abc                task_set_ready
                0x08013ac8                task_set_running
                0x08013ad4                task_set_blocked
                0x08013adc                task_set_suspended
                0x08013ae4                task_set_terminated
                0x08013aec                idle_add_terminated_task
                0x08013b14                vApplicationIdleHook
                0x08013b18                prvIdleTask
                0x08013bdc                task_set_state
 .text          0x08013c5c       0x9c build/kernel/source/timer.o
                0x08013c5c                timer_init
                0x08013c6c                os_delay
                0x08013c80                process_timer_tick
                0x08013cb0                timer_step_ticks
 .text          0x08013cf8       0x80 build/kernel/source/utils.o
                0x08013cf8                task_state_str
                0x08013d10                my_strcmp
                0x08013d38                my_strncmp
 .text          0x08013d78        0x0 build/arch/exception.o
 .text          0x08013d78        0x4 build/arch/isr.o
                0x08013d78                SysTick_Handler
 .text          0x08013d7c      0x200 build/arch/mpu.o
                0x08013d7c                mpu_encode_size
                0x08013d9c                mpu_init
                0x08013e78                mpu_switch_task
                0x08013f68                mpu_disable_extra
 .text          0x08013f7c      0x1c0 build/arch/nvic.o
                0x08013f7c                nvic_enable_irq
                0x08013f98                nvic_disable_irq
                0x08013fb4                nvic_set_pending
                0x08013ff8                nvic_clear_pending
                0x08014038                nvic_get_pending
                0x08014080                nvic_get_active
                0x080140a4                nvic_set_irq_priority
                0x080140cc                nvic_get_irq_priority
                0x080140f0                nvic_set_priority
                0x08014118                nvic_get_priority
 .text          0x0801413c       0x78 build/arch/port.o
                0x0801413c                port_disable_irq
                0x08014140                port_enable_irq
                0x08014144                port_get_irq_state
                0x0801414c                port_set_irq_state
                0x08014154                port_in_isr
                0x08014160                port_yield
                0x08014168                port_yield_from_isr
                0x08014170                port_start_scheduler
 .text          0x080141b4        0x4 build/arch/tick.o
                0x080141b4                kernel_tick
 .text          0x080141b8        0x4 build/platform/hardfault.o
                0x080141b8                HardFault_Handler_C
 .text          0x080141bc       0x84 build/platform/system_stm32f4xx.o
                0x080141bc                SystemInit
                0x080141d0                SystemCoreClockUpdate
 .text          0x08014240       0x14 build/boards/source/board.o
                0x08014240                board_init
 .text          0x08014254        0x0 build/boards/source/bsp_gpio.o
 .text          0x08014254       0x7c build/boards/source/rcc.o
                0x08014254                rcc_init
 .text          0x080142d0       0x40 build/boards/source/scb.o
                0x080142d0                scb_init
 .text          0x08014310      0x104 build/boards/source/systick.o
                0x08014310                systick_disable
                0x08014324                systick_clear_pending
                0x08014334                systick_max_suppressed_ticks
                0x0801433c                systick_start_oneshot
                0x08014398                systick_elapsed_ticks
                0x080143c4                systick_init
 .text          0x08014414       0x70 build/arch/context_switch.o
                0x08014414                PendSV_Handler
                0x08014458                SVC_Handler
 .text          0x08014484        0x0 build/platform/startup.o
 *(.rodata .rodata*)
 .rodata.str1.4
                0x08014484      0xd80 build/app/app_global.o
                                0x285 (size before relaxing)
 .rodata        0x08015204        0xc build/app/app_global.o
 .rodata.str1.4
                0x08015210       0x7f build/app/tasks/deadlock.o
 .rodata.str1.4
                0x08015210       0x4e build/app/tasks/dma.o
 .rodata.str1.4
                0x08015210       0x36 build/app/tasks/i2c.o
 .rodata.str1.4
                0x08015210       0x2f build/app/tasks/logger.o
 .rodata.str1.4
                0x08015210      0x100 build/app/tasks/sensor.o
 .rodata        0x08015210       0x10 build/app/tasks/sensor.o
 .rodata.str1.4
                0x08015220      0x37b build/app/tasks/shell.o
 .rodata.str1.4
                0x08015220       0x8d build/kernel/source/banker.o
 .rodata.str1.4
                0x08015220       0xb6 build/kernel/source/heap.o
 .rodata.str1.4
                0x08015220       0xa3 build/kernel/source/kernel.o
 .rodata.str1.4
                0x08015220      0x146 build/kernel/source/os_trace.o
 .rodata        0x08015220       0x48 build/kernel/source/os_trace.o
 .rodata.str1.4
                0x08015268       0x93 build/kernel/source/runtime_stats.o
 .rodata.str1.4
                0x08015268      0x17a build/kernel/source/task.o
 .rodata.str1.4
                0x08015268       0x5d build/kernel/source/utils.o
 .rodata        0x08015268       0x28 build/kernel/source/utils.o
 .rodata        0x08015290       0x48 build/arch/mpu.o
                0x08015290                static_regions
 .rodata.str1.4
                0x080152d8       0x20 build/arch/port.o
 .rodata        0x080152d8       0x18 build/platform/system_stm32f4xx.o
                0x080152d8                AHBPrescTable
                0x080152e8                APBPrescTable
                0x0801559c                        . = ALIGN (0x4)
                0x08000260                        _sidata = LOADADDR (.kernel_data)
                0x080152f0                        _siuserdata = LOADADDR (.user_data)
                0x080002b0                        _siccmram = LOADADDR (.ccmram)

.glue_7         0x080152f0        0x0
 .glue_7        0x080152f0        0x0 linker stubs

.glue_7t        0x080152f0        0x0
 .glue_7t       0x080152f0        0x0 linker stubs

.vfp11_veneer   0x080152f0        0x0
 .vfp11_veneer  0x080152f0        0x0 linker stubs

.v4_bx          0x080152f0        0x0
 .v4_bx         0x080152f0        0x0 linker stubs

.iplt           0x080152f0        0x0
 .iplt          0x080152f0        0x0 build/app/app_global.o

.igot.plt       0x080152f0        0x0
 .igot.plt      0x080152f0        0x0 build/app/app_global.o

.rel.dyn        0x080152f0        0x0
 .rel.iplt      0x080152f0        0x0 build/app/app_global.o

.kernel_data    0x20000000       0x50 load address 0x08000260
                0x20000000                        . = ALIGN (0x4)
                0x20000000                        _sdata = .
 *(.kernel_data .kernel_data*)
 *(.data .data*)
 .data          0x20000000       0x10 build/app/app_global.o
                0x20000000                current_temperature
                0x20000004                filtered_temperature
                0x20000008                min_temperature
                0x2000000c                max_temperature
 .data          0x20000010        0x0 build/app/main.o
 .data          0x20000010        0x0 build/app/rtos_tests.o
 .data          0x20000010        0x0 build/app/tasks/deadlock.o
 .data          0x20000010       0x2e build/app/tasks/dma.o
 .data          0x2000003e        0x0 build/app/tasks/gpio.o
 .data          0x2000003e        0x0 build/app/tasks/i2c.o
 .data          0x2000003e        0x0 build/app/tasks/logger.o
 *fill*         0x2000003e        0x2 
 .data          0x20000040        0xc build/app/tasks/sensor.o
 .data          0x2000004c        0x0 build/app/tasks/shell.o
 .data          0x2000004c        0x0 build/drivers/dma.o
 .data          0x2000004c        0x0 build/drivers/driver_gpio.o
 .data          0x2000004c        0x0 build/drivers/i2c.o
 .data          0x2000004c        0x0 build/drivers/uart.o
 .data          0x2000004c        0x0 build/hal/hal_dma.o
 .data          0x2000004c        0x0 build/hal/hal_gpio.o
 .data          0x2000004c        0x0 build/hal/hal_i2c.o
 .data          0x2000004c        0x0 build/hal/hal_timer.o
 .data          0x2000004c        0x0 build/hal/hal_uart.o
 .data          0x2000004c        0x0 build/kernel/source/banker.o
 .data          0x2000004c        0x0 build/kernel/source/critical.o
 .data          0x2000004c        0x0 build/kernel/source/event_group.o
 .data          0x2000004c        0x0 build/kernel/source/heap.o
 .data          0x2000004c        0x0 build/kernel/source/ipc.o
 .data          0x2000004c        0x0 build/kernel/source/kernel.o
 .data          0x2000004c        0x0 build/kernel/source/list.o
 .data          0x2000004c        0x0 build/kernel/source/low_power.o
 .data          0x2000004c        0x0 build/kernel/source/memory_layout.o
 .data          0x2000004c        0x0 build/kernel/source/os_trace.o
 .data          0x2000004c        0x0 build/kernel/source/queue.o
 .data          0x2000004c        0x0 build/kernel/source/runtime_stats.o
 .data          0x2000004c        0x0 build/kernel/source/scheduler.o
 .data          0x2000004c        0x0 build/kernel/source/sync.o
 .data          0x2000004c        0x0 build/kernel/source/task.o
 .data          0x2000004c        0x0 build/kernel/source/timer.o
 .data          0x2000004c        0x0 build/kernel/source/utils.o
 .data          0x2000004c        0x0 build/arch/exception.o
 .data          0x2000004c        0x0 build/arch/isr.o
 .data          0x2000004c        0x0 build/arch/mpu.o
 .data          0x2000004c        0x0 build/arch/nvic.o
 .data          0x2000004c        0x0 build/arch/port.o
 .data          0x2000004c        0x0 build/arch/tick.o
 .data          0x2000004c        0x0 build/platform/hardfault.o
 .data          0x2000004c        0x4 build/platform/system_stm32f4xx.o
                0x2000004c                SystemCoreClock
 .data          0x20000050        0x0 build/boards/source/board.o
 .data          0x20000050        0x0 build/boards/source/bsp_gpio.o
 .data          0x20000050        0x0 build/boards/source/rcc.o
 .data          0x20000050        0x0 build/boards/source/scb.o
 .data          0x20000050        0x0 build/boards/source/systick.o
 .data          0x20000050        0x0 build/arch/context_switch.o
 .data          0x20000050        0x0 build/platform/startup.o
                0x20000050                        . = ALIGN (0x4)
                0x20000050                        _edata = .

.user_data      0x20008000        0x0 load address 0x080152f0
                0x20008000                        . = ALIGN (0x4)
                0x20008000                        _suserdata = .
 *(.user_data .user_data*)
                0x20008000                        . = ALIGN (0x4)
                0x20008000                        _euserdata = .

.ccmram         0x10000000        0x0 load address 0x080002b0
                0x10000000                        . = ALIGN (0x4)
                0x10000000                        _sccmram = .
 *(.ccmram .ccmram*)
                0x10000000                        . = ALIGN (0x4)
                0x10000000                        _eccmram = .

.kernel_bss     0x20000050     0x1368
                0x20000050                        . = ALIGN (0x4)
                0x20000050                        _sbss = .
 *(.kernel_bss .kernel_bss*)
 *(.bss .bss*)
 .bss           0x20000050      0x1f8 build/app/app_global.o
                0x20000050                app_mutex
                0x20000070                fan_pwm_percent
                0x20000074                temp_zone
                0x20000078                system_uptime
                0x2000007c                sensor_samples
                0x20000080                filter_samples
                0x20000084                display_updates
                0x20000088                alarm_events
                0x2000008c                log_records
                0x20000090                storage_cycles
                0x20000094                control_cycles
                0x20000098                temp_raw_queue
                0x200000ec                temp_filtered_queue
                0x20000140                temp_display_queue
                0x20000194                temp_log_queue
                0x200001e8                temp_state_mutex
                0x20000208                storage_mutex
                0x20000228                alarm_sem
                0x20000238                heartbeat_sem
 .bss           0x20000248        0x0 build/app/main.o
 .bss           0x20000248        0x0 build/app/rtos_tests.o
 .bss           0x20000248        0x0 build/app/tasks/deadlock.o
 .bss           0x20000248       0x40 build/app/tasks/dma.o
 .bss           0x20000288        0x0 build/app/tasks/gpio.o
 .bss           0x20000288        0x0 build/app/tasks/i2c.o
 .bss           0x20000288        0x0 build/app/tasks/logger.o
 .bss           0x20000288        0x0 build/app/tasks/sensor.o
 .bss           0x20000288        0x0 build/app/tasks/shell.o
 .bss           0x20000288        0x0 build/drivers/dma.o
 .bss           0x20000288        0x0 build/drivers/driver_gpio.o
 .bss           0x20000288       0x20 build/drivers/i2c.o
 .bss           0x200002a8       0xb8 build/drivers/uart.o
                0x200002a8                uart_rx_semaphore
                0x200002b8                uart_tx_mutex
 .bss           0x20000360        0x0 build/hal/hal_dma.o
 .bss           0x20000360        0x0 build/hal/hal_gpio.o
 .bss           0x20000360        0x0 build/hal/hal_i2c.o
 .bss           0x20000360        0x0 build/hal/hal_timer.o
 .bss           0x20000360        0x0 build/hal/hal_uart.o
 .bss           0x20000360        0xc build/kernel/source/banker.o
                0x20000360                system_available
 .bss           0x2000036c        0x0 build/kernel/source/critical.o
 .bss           0x2000036c        0x0 build/kernel/source/event_group.o
 .bss           0x2000036c       0x24 build/kernel/source/heap.o
 .bss           0x20000390        0x0 build/kernel/source/ipc.o
 .bss           0x20000390       0x84 build/kernel/source/kernel.o
                0x20000390                log_head
                0x20000391                log_tail
                0x20000394                log_buffer
 .bss           0x20000414        0x0 build/kernel/source/list.o
 .bss           0x20000414        0x0 build/kernel/source/low_power.o
 .bss           0x20000414        0x0 build/kernel/source/memory_layout.o
 .bss           0x20000414      0x28c build/kernel/source/os_trace.o
 .bss           0x200006a0        0x0 build/kernel/source/queue.o
 .bss           0x200006a0        0x4 build/kernel/source/runtime_stats.o
 .bss           0x200006a4      0x111 build/kernel/source/scheduler.o
                0x200006a4                ready_list
                0x200007a4                top_ready_priority_bitmap
                0x200007a8                current_tcb
                0x200007ac                next_tcb
 .bss           0x200007b5        0x0 build/kernel/source/sync.o
 *fill*         0x200007b5        0x3 
 .bss           0x200007b8      0xbed build/kernel/source/task.o
                0x200007b8                tcb_table
 *fill*         0x200013a5        0x3 
 .bss           0x200013a8        0xc build/kernel/source/timer.o
                0x200013a8                os_tick_count
 .bss           0x200013b4        0x0 build/kernel/source/utils.o
 .bss           0x200013b4        0x0 build/arch/exception.o
 .bss           0x200013b4        0x0 build/arch/isr.o
 .bss           0x200013b4        0x1 build/arch/mpu.o
 .bss           0x200013b5        0x0 build/arch/nvic.o
 .bss           0x200013b5        0x0 build/arch/port.o
 .bss           0x200013b5        0x0 build/arch/tick.o
 .bss           0x200013b5        0x0 build/platform/hardfault.o
 .bss           0x200013b5        0x0 build/platform/system_stm32f4xx.o
 .bss           0x200013b5        0x0 build/boards/source/board.o
 .bss           0x200013b5        0x0 build/boards/source/bsp_gpio.o
 .bss           0x200013b5        0x0 build/boards/source/rcc.o
 .bss           0x200013b5        0x0 build/boards/source/scb.o
 .bss           0x200013b5        0x0 build/boards/source/systick.o
 .bss           0x200013b5        0x0 build/arch/context_switch.o
 .bss           0x200013b5        0x0 build/platform/startup.o
 *(COMMON)
                0x200013b8                        . = ALIGN (0x4)
 *fill*         0x200013b5        0x3 
                0x200013b8                        _ebss = .

.user_bss       0x20008000        0x0
                0x20008000                        . = ALIGN (0x4)
                0x20008000                        _suserbss = .
 *(.user_bss .user_bss*)
                0x20008000                        . = ALIGN (0x4)
                0x20008000                        _euserbss = .
                0x200013b8                        PROVIDE (_end = _ebss)

.kernel_heap_stack
                0x200013b8      0x600
                0x200013b8                        . = ALIGN (0x8)
                0x200013b8                        _heap_start = .
                0x200015b8                        . = (. + _Min_Heap_Size)
 *fill*         0x200013b8      0x200 
                0x200015b8                        _heap_end = .
                0x200015b8                        _stack_end = .
                0x200019b8                        . = (. + _Min_Stack_Size)
 *fill*         0x200015b8      0x400 
                0x200019b8                        . = ALIGN (0x8)
                0x00000001                        ASSERT (((ORIGIN (KERNEL_RAM) + LENGTH (KERNEL_RAM)) >= _estack), ERROR: KERNEL_RAM overflow — reduce data/bss or increase LENGTH)
                0x00000001                        ASSERT (((ORIGIN (USER_RAM) + LENGTH (USER_RAM)) >= _euserbss), ERROR: USER_RAM overflow — reduce user data/bss or increase LENGTH)
                0x00000001                        ASSERT (((ORIGIN (CCMRAM) + LENGTH (CCMRAM)) >= _eccmram), ERROR: CCMRAM overflow)
                0x00000001                        ASSERT (((ORIGIN (KERNEL_FLASH) + LENGTH (KERNEL_FLASH)) >= LOADADDR (.user_text)), ERROR: KERNEL_FLASH overflow — kernel code/data too large)
OUTPUT(build/myos.elf elf32-littlearm)
LOAD linker stubs

.debug_info     0x00000000    0x1266b
 .debug_info    0x00000000     0x1fe2 build/app/app_global.o
 .debug_info    0x00001fe2       0xd4 build/app/main.o
 .debug_info    0x000020b6       0x80 build/app/rtos_tests.o
 .debug_info    0x00002136      0x948 build/app/tasks/deadlock.o
 .debug_info    0x00002a7e      0x1e6 build/app/tasks/dma.o
 .debug_info    0x00002c64      0x1ba build/app/tasks/gpio.o
 .debug_info    0x00002e1e      0x17a build/app/tasks/i2c.o
 .debug_info    0x00002f98      0x786 build/app/tasks/logger.o
 .debug_info    0x0000371e      0xd64 build/app/tasks/sensor.o
 .debug_info    0x00004482      0x862 build/app/tasks/shell.o
 .debug_info    0x00004ce4      0x11c build/drivers/dma.o
 .debug_info    0x00004e00      0x38c build/drivers/driver_gpio.o
 .debug_info    0x0000518c      0x31c build/drivers/i2c.o
 .debug_info    0x000054a8      0xa3f build/drivers/uart.o
 .debug_info    0x00005ee7      0x23a build/hal/hal_gpio.o
 .debug_info    0x00006121      0x92a build/kernel/source/banker.o
 .debug_info    0x00006a4b      0x11e build/kernel/source/critical.o
 .debug_info    0x00006b69      0xaea build/kernel/source/event_group.o
 .debug_info    0x00007653      0x968 build/kernel/source/heap.o
 .debug_info    0x00007fbb     0x1860 build/kernel/source/ipc.o
 .debug_info    0x0000981b      0x785 build/kernel/source/kernel.o
 .debug_info    0x00009fa0      0x206 build/kernel/source/list.o
 .debug_info    0x0000a1a6      0x80c build/kernel/source/low_power.o
 .debug_info    0x0000a9b2      0x590 build/kernel/source/os_trace.o
 .debug_info    0x0000af42      0x63c build/kernel/source/queue.o
 .debug_info    0x0000b57e      0xa4b build/kernel/source/runtime_stats.o
 .debug_info    0x0000bfc9      0xaa1 build/kernel/source/scheduler.o
 .debug_info    0x0000ca6a     0x15f9 build/kernel/source/sync.o
 .debug_info    0x0000e063     0x22db build/kernel/source/task.o
 .debug_info    0x0001033e      0x63b build/kernel/source/timer.o
 .debug_info    0x00010979      0x18c build/kernel/source/utils.o
 .debug_info    0x00010b05       0x4b build/arch/isr.o
 .debug_info    0x00010b50      0x72b build/arch/mpu.o
 .debug_info    0x0001127b      0x58d build/arch/nvic.o
 .debug_info    0x00011808      0x392 build/arch/port.o
 .debug_info    0x00011b9a       0x91 build/arch/tick.o
 .debug_info    0x00011c2b       0x39 build/platform/hardfault.o
 .debug_info    0x00011c64      0x506 build/platform/system_stm32f4xx.o
 .debug_info    0x0001216a       0xb0 build/boards/source/board.o
 .debug_info    0x0001221a       0x65 build/boards/source/bsp_gpio.o
 .debug_info    0x0001227f       0xa0 build/boards/source/rcc.o
 .debug_info    0x0001231f       0x98 build/boards/source/scb.o
 .debug_info    0x000123b7      0x247 build/boards/source/systick.o
 .debug_info    0x000125fe       0x24 build/arch/context_switch.o
 .debug_info    0x00012622       0x49 build/platform/startup.o

.debug_abbrev   0x00000000     0x4ab6
 .debug_abbrev  0x00000000      0x2fa build/app/app_global.o
 .debug_abbrev  0x000002fa       0x62 build/app/main.o
 .debug_abbrev  0x0000035c       0x43 build/app/rtos_tests.o
 .debug_abbrev  0x0000039f      0x21f build/app/tasks/deadlock.o
 .debug_abbrev  0x000005be      0x118 build/app/tasks/dma.o
 .debug_abbrev  0x000006d6       0xf3 build/app/tasks/gpio.o
 .debug_abbrev  0x000007c9       0xed build/app/tasks/i2c.o
 .debug_abbrev  0x000008b6      0x1bc build/app/tasks/logger.o
 .debug_abbrev  0x00000a72      0x219 build/app/tasks/sensor.o
 .debug_abbrev  0x00000c8b      0x1ed build/app/tasks/shell.o
 .debug_abbrev  0x00000e78       0xd5 build/drivers/dma.o
 .debug_abbrev  0x00000f4d      0x145 build/drivers/driver_gpio.o
 .debug_abbrev  0x00001092      0x124 build/drivers/i2c.o
 .debug_abbrev  0x000011b6      0x2fa build/drivers/uart.o
 .debug_abbrev  0x000014b0      0x138 build/hal/hal_gpio.o
 .debug_abbrev  0x000015e8      0x2a2 build/kernel/source/banker.o
 .debug_abbrev  0x0000188a       0xf9 build/kernel/source/critical.o
 .debug_abbrev  0x00001983      0x2aa build/kernel/source/event_group.o
 .debug_abbrev  0x00001c2d      0x3b6 build/kernel/source/heap.o
 .debug_abbrev  0x00001fe3      0x435 build/kernel/source/ipc.o
 .debug_abbrev  0x00002418      0x20f build/kernel/source/kernel.o
 .debug_abbrev  0x00002627      0x147 build/kernel/source/list.o
 .debug_abbrev  0x0000276e      0x25b build/kernel/source/low_power.o
 .debug_abbrev  0x000029c9      0x22c build/kernel/source/os_trace.o
 .debug_abbrev  0x00002bf5      0x1b0 build/kernel/source/queue.o
 .debug_abbrev  0x00002da5      0x2d2 build/kernel/source/runtime_stats.o
 .debug_abbrev  0x00003077      0x2de build/kernel/source/scheduler.o
 .debug_abbrev  0x00003355      0x45a build/kernel/source/sync.o
 .debug_abbrev  0x000037af      0x520 build/kernel/source/task.o
 .debug_abbrev  0x00003ccf      0x1da build/kernel/source/timer.o
 .debug_abbrev  0x00003ea9       0xc8 build/kernel/source/utils.o
 .debug_abbrev  0x00003f71       0x4c build/arch/isr.o
 .debug_abbrev  0x00003fbd      0x2a4 build/arch/mpu.o
 .debug_abbrev  0x00004261      0x1ea build/arch/nvic.o
 .debug_abbrev  0x0000444b      0x207 build/arch/port.o
 .debug_abbrev  0x00004652       0x62 build/arch/tick.o
 .debug_abbrev  0x000046b4       0x2d build/platform/hardfault.o
 .debug_abbrev  0x000046e1      0x11f build/platform/system_stm32f4xx.o
 .debug_abbrev  0x00004800       0x6c build/boards/source/board.o
 .debug_abbrev  0x0000486c       0x26 build/boards/source/bsp_gpio.o
 .debug_abbrev  0x00004892       0x66 build/boards/source/rcc.o
 .debug_abbrev  0x000048f8       0x65 build/boards/source/scb.o
 .debug_abbrev  0x0000495d      0x11f build/boards/source/systick.o
 .debug_abbrev  0x00004a7c       0x14 build/arch/context_switch.o
 .debug_abbrev  0x00004a90       0x26 build/platform/startup.o

.debug_loclists
                0x00000000     0x6966
 .debug_loclists
                0x00000000      0x838 build/app/app_global.o
 .debug_loclists
                0x00000838       0x49 build/app/tasks/deadlock.o
 .debug_loclists
                0x00000881       0x15 build/app/tasks/dma.o
 .debug_loclists
                0x00000896       0x14 build/app/tasks/i2c.o
 .debug_loclists
                0x000008aa       0x24 build/app/tasks/logger.o
 .debug_loclists
                0x000008ce      0x16b build/app/tasks/sensor.o
 .debug_loclists
                0x00000a39      0x130 build/app/tasks/shell.o
 .debug_loclists
                0x00000b69       0xc0 build/drivers/dma.o
 .debug_loclists
                0x00000c29       0x72 build/drivers/driver_gpio.o
 .debug_loclists
                0x00000c9b       0xa3 build/drivers/i2c.o
 .debug_loclists
                0x00000d3e      0x333 build/drivers/uart.o
 .debug_loclists
                0x00001071       0x2b build/hal/hal_gpio.o
 .debug_loclists
                0x0000109c      0x2f7 build/kernel/source/banker.o
 .debug_loclists
                0x00001393       0x33 build/kernel/source/critical.o
 .debug_loclists
                0x000013c6      0x5cf build/kernel/source/event_group.o
 .debug_loclists
                0x00001995      0x556 build/kernel/source/heap.o
 .debug_loclists
                0x00001eeb      0xdbd build/kernel/source/ipc.o
 .debug_loclists
                0x00002ca8       0x74 build/kernel/source/kernel.o
 .debug_loclists
                0x00002d1c       0xa0 build/kernel/source/list.o
 .debug_loclists
                0x00002dbc      0x113 build/kernel/source/low_power.o
 .debug_loclists
                0x00002ecf      0x1fc build/kernel/source/os_trace.o
 .debug_loclists
                0x000030cb       0xea build/kernel/source/queue.o
 .debug_loclists
                0x000031b5      0x3c8 build/kernel/source/runtime_stats.o
 .debug_loclists
                0x0000357d      0x1b7 build/kernel/source/scheduler.o
 .debug_loclists
                0x00003734      0xc17 build/kernel/source/sync.o
 .debug_loclists
                0x0000434b     0x1ac2 build/kernel/source/task.o
 .debug_loclists
                0x00005e0d       0x6f build/kernel/source/timer.o
 .debug_loclists
                0x00005e7c      0x133 build/kernel/source/utils.o
 .debug_loclists
                0x00005faf      0x28c build/arch/mpu.o
 .debug_loclists
                0x0000623b      0x546 build/arch/nvic.o
 .debug_loclists
                0x00006781       0x3c build/arch/port.o
 .debug_loclists
                0x000067bd       0x6a build/platform/system_stm32f4xx.o
 .debug_loclists
                0x00006827       0x31 build/boards/source/rcc.o
 .debug_loclists
                0x00006858      0x10e build/boards/source/systick.o

.debug_aranges  0x00000000      0x5a0
 .debug_aranges
                0x00000000       0x20 build/app/app_global.o
 .debug_aranges
                0x00000020       0x20 build/app/main.o
 .debug_aranges
                0x00000040       0x20 build/app/rtos_tests.o
 .debug_aranges
                0x00000060       0x20 build/app/tasks/deadlock.o
 .debug_aranges
                0x00000080       0x20 build/app/tasks/dma.o
 .debug_aranges
                0x000000a0       0x20 build/app/tasks/gpio.o
 .debug_aranges
                0x000000c0       0x20 build/app/tasks/i2c.o
 .debug_aranges
                0x000000e0       0x20 build/app/tasks/logger.o
 .debug_aranges
                0x00000100       0x20 build/app/tasks/sensor.o
 .debug_aranges
                0x00000120       0x20 build/app/tasks/shell.o
 .debug_aranges
                0x00000140       0x20 build/drivers/dma.o
 .debug_aranges
                0x00000160       0x20 build/drivers/driver_gpio.o
 .debug_aranges
                0x00000180       0x20 build/drivers/i2c.o
 .debug_aranges
                0x000001a0       0x20 build/drivers/uart.o
 .debug_aranges
                0x000001c0       0x20 build/hal/hal_gpio.o
 .debug_aranges
                0x000001e0       0x20 build/kernel/source/banker.o
 .debug_aranges
                0x00000200       0x20 build/kernel/source/critical.o
 .debug_aranges
                0x00000220       0x20 build/kernel/source/event_group.o
 .debug_aranges
                0x00000240       0x20 build/kernel/source/heap.o
 .debug_aranges
                0x00000260       0x20 build/kernel/source/ipc.o
 .debug_aranges
                0x00000280       0x20 build/kernel/source/kernel.o
 .debug_aranges
                0x000002a0       0x20 build/kernel/source/list.o
 .debug_aranges
                0x000002c0       0x20 build/kernel/source/low_power.o
 .debug_aranges
                0x000002e0       0x20 build/kernel/source/os_trace.o
 .debug_aranges
                0x00000300       0x20 build/kernel/source/queue.o
 .debug_aranges
                0x00000320       0x20 build/kernel/source/runtime_stats.o
 .debug_aranges
                0x00000340       0x20 build/kernel/source/scheduler.o
 .debug_aranges
                0x00000360       0x20 build/kernel/source/sync.o
 .debug_aranges
                0x00000380       0x20 build/kernel/source/task.o
 .debug_aranges
                0x000003a0       0x20 build/kernel/source/timer.o
 .debug_aranges
                0x000003c0       0x20 build/kernel/source/utils.o
 .debug_aranges
                0x000003e0       0x20 build/arch/isr.o
 .debug_aranges
                0x00000400       0x20 build/arch/mpu.o
 .debug_aranges
                0x00000420       0x20 build/arch/nvic.o
 .debug_aranges
                0x00000440       0x20 build/arch/port.o
 .debug_aranges
                0x00000460       0x20 build/arch/tick.o
 .debug_aranges
                0x00000480       0x20 build/platform/hardfault.o
 .debug_aranges
                0x000004a0       0x20 build/platform/system_stm32f4xx.o
 .debug_aranges
                0x000004c0       0x20 build/boards/source/board.o
 .debug_aranges
                0x000004e0       0x18 build/boards/source/bsp_gpio.o
 .debug_aranges
                0x000004f8       0x20 build/boards/source/rcc.o
 .debug_aranges
                0x00000518       0x20 build/boards/source/scb.o
 .debug_aranges
                0x00000538       0x20 build/boards/source/systick.o
 .debug_aranges
                0x00000558       0x20 build/arch/context_switch.o
 .debug_aranges
                0x00000578       0x28 build/platform/startup.o

.debug_rnglists
                0x00000000      0xa0c
 .debug_rnglists
                0x00000000       0xe0 build/app/app_global.o
 .debug_rnglists
                0x000000e0       0x13 build/app/main.o
 .debug_rnglists
                0x000000f3       0x26 build/app/tasks/deadlock.o
 .debug_rnglists
                0x00000119       0x13 build/app/tasks/dma.o
 .debug_rnglists
                0x0000012c       0x13 build/app/tasks/i2c.o
 .debug_rnglists
                0x0000013f       0x14 build/app/tasks/logger.o
 .debug_rnglists
                0x00000153       0x50 build/app/tasks/sensor.o
 .debug_rnglists
                0x000001a3       0x17 build/app/tasks/shell.o
 .debug_rnglists
                0x000001ba       0x13 build/drivers/dma.o
 .debug_rnglists
                0x000001cd       0x99 build/drivers/uart.o
 .debug_rnglists
                0x00000266       0xc9 build/kernel/source/banker.o
 .debug_rnglists
                0x0000032f       0x4b build/kernel/source/event_group.o
 .debug_rnglists
                0x0000037a       0xb3 build/kernel/source/heap.o
 .debug_rnglists
                0x0000042d       0x75 build/kernel/source/ipc.o
 .debug_rnglists
                0x000004a2       0x1d build/kernel/source/list.o
 .debug_rnglists
                0x000004bf       0x24 build/kernel/source/low_power.o
 .debug_rnglists
                0x000004e3      0x11d build/kernel/source/runtime_stats.o
 .debug_rnglists
                0x00000600       0x1e build/kernel/source/scheduler.o
 .debug_rnglists
                0x0000061e      0x117 build/kernel/source/sync.o
 .debug_rnglists
                0x00000735      0x1f2 build/kernel/source/task.o
 .debug_rnglists
                0x00000927       0x88 build/arch/mpu.o
 .debug_rnglists
                0x000009af       0x22 build/arch/nvic.o
 .debug_rnglists
                0x000009d1       0x21 build/boards/source/systick.o
 .debug_rnglists
                0x000009f2       0x1a build/platform/startup.o

.debug_line     0x00000000     0x8354
 .debug_line    0x00000000      0x6e5 build/app/app_global.o
 .debug_line    0x000006e5       0xb3 build/app/main.o
 .debug_line    0x00000798       0x44 build/app/rtos_tests.o
 .debug_line    0x000007dc      0x284 build/app/tasks/deadlock.o
 .debug_line    0x00000a60      0x110 build/app/tasks/dma.o
 .debug_line    0x00000b70       0xf7 build/app/tasks/gpio.o
 .debug_line    0x00000c67       0xe7 build/app/tasks/i2c.o
 .debug_line    0x00000d4e      0x1b7 build/app/tasks/logger.o
 .debug_line    0x00000f05      0x4f4 build/app/tasks/sensor.o
 .debug_line    0x000013f9      0x33e build/app/tasks/shell.o
 .debug_line    0x00001737       0xb4 build/drivers/dma.o
 .debug_line    0x000017eb      0x121 build/drivers/driver_gpio.o
 .debug_line    0x0000190c      0x105 build/drivers/i2c.o
 .debug_line    0x00001a11      0x5f1 build/drivers/uart.o
 .debug_line    0x00002002        0x0 build/hal/hal_dma.o
 .debug_line    0x00002002       0xec build/hal/hal_gpio.o
 .debug_line    0x000020ee        0x0 build/hal/hal_i2c.o
 .debug_line    0x000020ee        0x0 build/hal/hal_timer.o
 .debug_line    0x000020ee        0x0 build/hal/hal_uart.o
 .debug_line    0x000020ee      0x511 build/kernel/source/banker.o
 .debug_line    0x000025ff       0xbc build/kernel/source/critical.o
 .debug_line    0x000026bb      0x501 build/kernel/source/event_group.o
 .debug_line    0x00002bbc      0x65c build/kernel/source/heap.o
 .debug_line    0x00003218      0x957 build/kernel/source/ipc.o
 .debug_line    0x00003b6f      0x203 build/kernel/source/kernel.o
 .debug_line    0x00003d72      0x1fe build/kernel/source/list.o
 .debug_line    0x00003f70      0x2c0 build/kernel/source/low_power.o
 .debug_line    0x00004230        0x0 build/kernel/source/memory_layout.o
 .debug_line    0x00004230      0x296 build/kernel/source/os_trace.o
 .debug_line    0x000044c6      0x15d build/kernel/source/queue.o
 .debug_line    0x00004623      0x4f4 build/kernel/source/runtime_stats.o
 .debug_line    0x00004b17      0x51d build/kernel/source/scheduler.o
 .debug_line    0x00005034      0xa72 build/kernel/source/sync.o
 .debug_line    0x00005aa6     0x13fe build/kernel/source/task.o
 .debug_line    0x00006ea4      0x1c2 build/kernel/source/timer.o
 .debug_line    0x00007066      0x11d build/kernel/source/utils.o
 .debug_line    0x00007183        0x0 build/arch/exception.o
 .debug_line    0x00007183       0x3f build/arch/isr.o
 .debug_line    0x000071c2      0x44c build/arch/mpu.o
 .debug_line    0x0000760e      0x388 build/arch/nvic.o
 .debug_line    0x00007996      0x18e build/arch/port.o
 .debug_line    0x00007b24       0x5b build/arch/tick.o
 .debug_line    0x00007b7f       0x4b build/platform/hardfault.o
 .debug_line    0x00007bca      0x177 build/platform/system_stm32f4xx.o
 .debug_line    0x00007d41       0x9b build/boards/source/board.o
 .debug_line    0x00007ddc       0x39 build/boards/source/bsp_gpio.o
 .debug_line    0x00007e15      0x127 build/boards/source/rcc.o
 .debug_line    0x00007f3c       0xa3 build/boards/source/scb.o
 .debug_line    0x00007fdf      0x253 build/boards/source/systick.o
 .debug_line    0x00008232       0x70 build/arch/context_switch.o
 .debug_line    0x000082a2       0xb2 build/platform/startup.o

.debug_str      0x00000000     0x2827
 .debug_str     0x00000000     0x2827 build/app/app_global.o
                                0x927 (size before relaxing)
 .debug_str     0x00002827      0x176 build/app/main.o
 .debug_str     0x00002827      0x150 build/app/rtos_tests.o
 .debug_str     0x00002827      0x6ef build/app/tasks/deadlock.o
 .debug_str     0x00002827      0x1a0 build/app/tasks/dma.o
 .debug_str     0x00002827      0x1c8 build/app/tasks/gpio.o
 .debug_str     0x00002827      0x19f build/app/tasks/i2c.o
 .debug_str     0x00002827      0x5fb build/app/tasks/logger.o
 .debug_str     0x00002827      0x7f6 build/app/tasks/sensor.o
 .debug_str     0x00002827      0x302 build/app/tasks/shell.o
 .debug_str     0x00002827      0x16b build/drivers/dma.o
 .debug_str     0x00002827      0x2de build/drivers/driver_gpio.o
 .debug_str     0x00002827      0x253 build/drivers/i2c.o
 .debug_str     0x00002827      0x42f build/drivers/uart.o
 .debug_str     0x00002827       0xba build/hal/hal_dma.o
 .debug_str     0x00002827      0x21b build/hal/hal_gpio.o
 .debug_str     0x00002827       0xba build/hal/hal_i2c.o
 .debug_str     0x00002827       0xbc build/hal/hal_timer.o
 .debug_str     0x00002827       0xbb build/hal/hal_uart.o
 .debug_str     0x00002827      0x559 build/kernel/source/banker.o
 .debug_str     0x00002827      0x1b8 build/kernel/source/critical.o
 .debug_str     0x00002827      0x6bd build/kernel/source/event_group.o
 .debug_str     0x00002827      0x500 build/kernel/source/heap.o
 .debug_str     0x00002827      0xa56 build/kernel/source/ipc.o
 .debug_str     0x00002827      0x588 build/kernel/source/kernel.o
 .debug_str     0x00002827      0x171 build/kernel/source/list.o
 .debug_str     0x00002827      0x793 build/kernel/source/low_power.o
 .debug_str     0x00002827       0xca build/kernel/source/memory_layout.o
 .debug_str     0x00002827      0x438 build/kernel/source/os_trace.o
 .debug_str     0x00002827      0x4d6 build/kernel/source/queue.o
 .debug_str     0x00002827      0x5b7 build/kernel/source/runtime_stats.o
 .debug_str     0x00002827      0x85d build/kernel/source/scheduler.o
 .debug_str     0x00002827      0x972 build/kernel/source/sync.o
 .debug_str     0x00002827      0xb59 build/kernel/source/task.o
 .debug_str     0x00002827      0x6b3 build/kernel/source/timer.o
 .debug_str     0x00002827      0x211 build/kernel/source/utils.o
 .debug_str     0x00002827       0xbd build/arch/exception.o
 .debug_str     0x00002827       0xd3 build/arch/isr.o
 .debug_str     0x00002827      0x24c build/arch/mpu.o
 .debug_str     0x00002827      0x28c build/arch/nvic.o
 .debug_str     0x00002827      0x2c9 build/arch/port.o
 .debug_str     0x00002827      0x15b build/arch/tick.o
 .debug_str     0x00002827       0xd5 build/platform/hardfault.o
 .debug_str     0x00002827      0x315 build/platform/system_stm32f4xx.o
 .debug_str     0x00002827      0x171 build/boards/source/board.o
 .debug_str     0x00002827      0x149 build/boards/source/bsp_gpio.o
 .debug_str     0x00002827      0x15e build/boards/source/rcc.o
 .debug_str     0x00002827      0x162 build/boards/source/scb.o
 .debug_str     0x00002827      0x253 build/boards/source/systick.o
 .debug_str     0x00002827       0x49 build/arch/context_switch.o
 .debug_str     0x00002827       0x76 build/platform/startup.o

.comment        0x00000000       0x26
 .comment       0x00000000       0x26 build/app/app_global.o
                                 0x27 (size before relaxing)
 .comment       0x00000026       0x27 build/app/main.o
 .comment       0x00000026       0x27 build/app/rtos_tests.o
 .comment       0x00000026       0x27 build/app/tasks/deadlock.o
 .comment       0x00000026       0x27 build/app/tasks/dma.o
 .comment       0x00000026       0x27 build/app/tasks/gpio.o
 .comment       0x00000026       0x27 build/app/tasks/i2c.o
 .comment       0x00000026       0x27 build/app/tasks/logger.o
 .comment       0x00000026       0x27 build/app/tasks/sensor.o
 .comment       0x00000026       0x27 build/app/tasks/shell.o
 .comment       0x00000026       0x27 build/drivers/dma.o
 .comment       0x00000026       0x27 build/drivers/driver_gpio.o
 .comment       0x00000026       0x27 build/drivers/i2c.o
 .comment       0x00000026       0x27 build/drivers/uart.o
 .comment       0x00000026       0x27 build/hal/hal_dma.o
 .comment       0x00000026       0x27 build/hal/hal_gpio.o
 .comment       0x00000026       0x27 build/hal/hal_i2c.o
 .comment       0x00000026       0x27 build/hal/hal_timer.o
 .comment       0x00000026       0x27 build/hal/hal_uart.o
 .comment       0x00000026       0x27 build/kernel/source/banker.o
 .comment       0x00000026       0x27 build/kernel/source/critical.o
 .comment       0x00000026       0x27 build/kernel/source/event_group.o
 .comment       0x00000026       0x27 build/kernel/source/heap.o
 .comment       0x00000026       0x27 build/kernel/source/ipc.o
 .comment       0x00000026       0x27 build/kernel/source/kernel.o
 .comment       0x00000026       0x27 build/kernel/source/list.o
 .comment       0x00000026       0x27 build/kernel/source/low_power.o
 .comment       0x00000026       0x27 build/kernel/source/memory_layout.o
 .comment       0x00000026       0x27 build/kernel/source/os_trace.o
 .comment       0x00000026       0x27 build/kernel/source/queue.o
 .comment       0x00000026       0x27 build/kernel/source/runtime_stats.o
 .comment       0x00000026       0x27 build/kernel/source/scheduler.o
 .comment       0x00000026       0x27 build/kernel/source/sync.o
 .comment       0x00000026       0x27 build/kernel/source/task.o
 .comment       0x00000026       0x27 build/kernel/source/timer.o
 .comment       0x00000026       0x27 build/kernel/source/utils.o
 .comment       0x00000026       0x27 build/arch/exception.o
 .comment       0x00000026       0x27 build/arch/isr.o
 .comment       0x00000026       0x27 build/arch/mpu.o
 .comment       0x00000026       0x27 build/arch/nvic.o
 .comment       0x00000026       0x27 build/arch/port.o
 .comment       0x00000026       0x27 build/arch/tick.o
 .comment       0x00000026       0x27 build/platform/hardfault.o
 .comment       0x00000026       0x27 build/platform/system_stm32f4xx.o
 .comment       0x00000026       0x27 build/boards/source/board.o
 .comment       0x00000026       0x27 build/boards/source/bsp_gpio.o
 .comment       0x00000026       0x27 build/boards/source/rcc.o
 .comment       0x00000026       0x27 build/boards/source/scb.o
 .comment       0x00000026       0x27 build/boards/source/systick.o

.ARM.attributes
                0x00000000       0x32
 .ARM.attributes
                0x00000000       0x34 build/app/app_global.o
 .ARM.attributes
                0x00000034       0x34 build/app/main.o
 .ARM.attributes
                0x00000068       0x34 build/app/rtos_tests.o
 .ARM.attributes
                0x0000009c       0x34 build/app/tasks/deadlock.o
 .ARM.attributes
                0x000000d0       0x34 build/app/tasks/dma.o
 .ARM.attributes
                0x00000104       0x34 build/app/tasks/gpio.o
 .ARM.attributes
                0x00000138       0x34 build/app/tasks/i2c.o
 .ARM.attributes
                0x0000016c       0x34 build/app/tasks/logger.o
 .ARM.attributes
                0x000001a0       0x34 build/app/tasks/sensor.o
 .ARM.attributes
                0x000001d4       0x34 build/app/tasks/shell.o
 .ARM.attributes
                0x00000208       0x34 build/drivers/dma.o
 .ARM.attributes
                0x0000023c       0x34 build/drivers/driver_gpio.o
 .ARM.attributes
                0x00000270       0x34 build/drivers/i2c.o
 .ARM.attributes
                0x000002a4       0x34 build/drivers/uart.o
 .ARM.attributes
                0x000002d8       0x34 build/hal/hal_dma.o
 .ARM.attributes
                0x0000030c       0x34 build/hal/hal_gpio.o
 .ARM.attributes
                0x00000340       0x34 build/hal/hal_i2c.o
 .ARM.attributes
                0x00000374       0x34 build/hal/hal_timer.o
 .ARM.attributes
                0x000003a8       0x34 build/hal/hal_uart.o
 .ARM.attributes
                0x000003dc       0x34 build/kernel/source/banker.o
 .ARM.attributes
                0x00000410       0x34 build/kernel/source/critical.o
 .ARM.attributes
                0x00000444       0x34 build/kernel/source/event_group.o
 .ARM.attributes
                0x00000478       0x34 build/kernel/source/heap.o
 .ARM.attributes
                0x000004ac       0x34 build/kernel/source/ipc.o
 .ARM.attributes
                0x000004e0       0x34 build/kernel/source/kernel.o
 .ARM.attributes
                0x00000514       0x34 build/kernel/source/list.o
 .ARM.attributes
                0x00000548       0x34 build/kernel/source/low_power.o
 .ARM.attributes
                0x0000057c       0x34 build/kernel/source/memory_layout.o
 .ARM.attributes
                0x000005b0       0x34 build/kernel/source/os_trace.o
 .ARM.attributes
                0x000005e4       0x34 build/kernel/source/queue.o
 .ARM.attributes
                0x00000618       0x34 build/kernel/source/runtime_stats.o
 .ARM.attributes
                0x0000064c       0x34 build/kernel/source/scheduler.o
 .ARM.attributes
                0x00000680       0x34 build/kernel/source/sync.o
 .ARM.attributes
                0x000006b4       0x34 build/kernel/source/task.o
 .ARM.attributes
                0x000006e8       0x34 build/kernel/source/timer.o
 .ARM.attributes
                0x0000071c       0x34 build/kernel/source/utils.o
 .ARM.attributes
                0x00000750       0x34 build/arch/exception.o
 .ARM.attributes
                0x00000784       0x34 build/arch/isr.o
 .ARM.attributes
                0x000007b8       0x34 build/arch/mpu.o
 .ARM.attributes
                0x000007ec       0x34 build/arch/nvic.o
 .ARM.attributes
                0x00000820       0x34 build/arch/port.o
 .ARM.attributes
                0x00000854       0x34 build/arch/tick.o
 .ARM.attributes
                0x00000888       0x34 build/platform/hardfault.o
 .ARM.attributes
                0x000008bc       0x34 build/platform/system_stm32f4xx.o
 .ARM.attributes
                0x000008f0       0x34 build/boards/source/board.o
 .ARM.attributes
                0x00000924       0x34 build/boards/source/bsp_gpio.o
 .ARM.attributes
                0x00000958       0x34 build/boards/source/rcc.o
 .ARM.attributes
                0x0000098c       0x34 build/boards/source/scb.o
 .ARM.attributes
                0x000009c0       0x34 build/boards/source/systick.o
 .ARM.attributes
                0x000009f4       0x25 build/arch/context_switch.o
 .ARM.attributes
                0x00000a19       0x25 build/platform/startup.o

.debug_frame    0x00000000     0x1ae8
 .debug_frame   0x00000000       0xf0 build/app/app_global.o
 .debug_frame   0x000000f0       0x28 build/app/main.o
 .debug_frame   0x00000118       0x20 build/app/rtos_tests.o
 .debug_frame   0x00000138       0xdc build/app/tasks/deadlock.o
 .debug_frame   0x00000214       0x2c build/app/tasks/dma.o
 .debug_frame   0x00000240       0x28 build/app/tasks/gpio.o
 .debug_frame   0x00000268       0x28 build/app/tasks/i2c.o
 .debug_frame   0x00000290       0x50 build/app/tasks/logger.o
 .debug_frame   0x000002e0       0xc8 build/app/tasks/sensor.o
 .debug_frame   0x000003a8       0x44 build/app/tasks/shell.o
 .debug_frame   0x000003ec       0x30 build/drivers/dma.o
 .debug_frame   0x0000041c       0x50 build/drivers/driver_gpio.o
 .debug_frame   0x0000046c       0x50 build/drivers/i2c.o
 .debug_frame   0x000004bc      0x12c build/drivers/uart.o
 .debug_frame   0x000005e8       0x40 build/hal/hal_gpio.o
 .debug_frame   0x00000628       0xb4 build/kernel/source/banker.o
 .debug_frame   0x000006dc       0x38 build/kernel/source/critical.o
 .debug_frame   0x00000714       0xd8 build/kernel/source/event_group.o
 .debug_frame   0x000007ec      0x130 build/kernel/source/heap.o
 .debug_frame   0x0000091c      0x270 build/kernel/source/ipc.o
 .debug_frame   0x00000b8c       0x58 build/kernel/source/kernel.o
 .debug_frame   0x00000be4       0x70 build/kernel/source/list.o
 .debug_frame   0x00000c54       0x78 build/kernel/source/low_power.o
 .debug_frame   0x00000ccc       0xa8 build/kernel/source/os_trace.o
 .debug_frame   0x00000d74       0x68 build/kernel/source/queue.o
 .debug_frame   0x00000ddc       0x88 build/kernel/source/runtime_stats.o
 .debug_frame   0x00000e64      0x164 build/kernel/source/scheduler.o
 .debug_frame   0x00000fc8      0x2a0 build/kernel/source/sync.o
 .debug_frame   0x00001268      0x48c build/kernel/source/task.o
 .debug_frame   0x000016f4       0x74 build/kernel/source/timer.o
 .debug_frame   0x00001768       0x4c build/kernel/source/utils.o
 .debug_frame   0x000017b4       0x20 build/arch/isr.o
 .debug_frame   0x000017d4       0x74 build/arch/mpu.o
 .debug_frame   0x00001848       0xb0 build/arch/nvic.o
 .debug_frame   0x000018f8       0x98 build/arch/port.o
 .debug_frame   0x00001990       0x20 build/arch/tick.o
 .debug_frame   0x000019b0       0x20 build/platform/hardfault.o
 .debug_frame   0x000019d0       0x30 build/platform/system_stm32f4xx.o
 .debug_frame   0x00001a00       0x2c build/boards/source/board.o
 .debug_frame   0x00001a2c       0x20 build/boards/source/rcc.o
 .debug_frame   0x00001a4c       0x20 build/boards/source/scb.o
 .debug_frame   0x00001a6c       0x7c build/boards/source/systick.o

.debug_line_str
                0x00000000       0x50
 .debug_line_str
                0x00000000       0x50 build/arch/context_switch.o
                                 0x3d (size before relaxing)
 .debug_line_str
                0x00000050       0x3a build/platform/startup.o
